<?xml version="1.0" encoding="ISO-8859-1" ?>
<link_info>
   <banner>TI ARM Linker PC v18.1.5.LTS</banner>
   <copyright>Copyright (c) 1996-2018 Texas Instruments Incorporated</copyright>
   <link_time>0x5ca8dfdb</link_time>
   <link_errors>0x0</link_errors>
   <output_file>fprotemp.out</output_file>
   <entry_point>
      <name>_c_int00_noargs</name>
      <address>0xdb1</address>
   </entry_point>
   <input_file_list>
      <input_file id="fl-2">
         <path>.\</path>
         <kind>object</kind>
         <file>main.obj</file>
         <name>main.obj</name>
      </input_file>
      <input_file id="fl-3">
         <path>.\</path>
         <kind>object</kind>
         <file>startup_msp432p401r_ccs.obj</file>
         <name>startup_msp432p401r_ccs.obj</name>
      </input_file>
      <input_file id="fl-4">
         <path>.\</path>
         <kind>object</kind>
         <file>system_msp432p401r.obj</file>
         <name>system_msp432p401r.obj</name>
      </input_file>
      <input_file id="fl-8">
         <kind>object</kind>
         <file>&lt;internal&gt;</file>
         <name>&lt;internal&gt;</name>
      </input_file>
      <input_file id="fl-be">
         <path>C:\ti\ccsv8\tools\compiler\ti-cgt-arm_18.1.5.LTS\lib\</path>
         <kind>archive</kind>
         <file>rtsv7M4_T_le_v4SPD16_eabi.lib</file>
         <name>memset_t2.asm.obj</name>
      </input_file>
      <input_file id="fl-bf">
         <path>C:\ti\ccsv8\tools\compiler\ti-cgt-arm_18.1.5.LTS\lib\</path>
         <kind>archive</kind>
         <file>rtsv7M4_T_le_v4SPD16_eabi.lib</file>
         <name>copy_zero_init.c.obj</name>
      </input_file>
      <input_file id="fl-c0">
         <path>C:\ti\ccsv8\tools\compiler\ti-cgt-arm_18.1.5.LTS\lib\</path>
         <kind>archive</kind>
         <file>rtsv7M4_T_le_v4SPD16_eabi.lib</file>
         <name>copy_decompress_none.c.obj</name>
      </input_file>
      <input_file id="fl-c1">
         <path>C:\ti\ccsv8\tools\compiler\ti-cgt-arm_18.1.5.LTS\lib\</path>
         <kind>archive</kind>
         <file>rtsv7M4_T_le_v4SPD16_eabi.lib</file>
         <name>copy_decompress_lzss.c.obj</name>
      </input_file>
      <input_file id="fl-c2">
         <path>C:\ti\ccsv8\tools\compiler\ti-cgt-arm_18.1.5.LTS\lib\</path>
         <kind>archive</kind>
         <file>rtsv7M4_T_le_v4SPD16_eabi.lib</file>
         <name>boot_cortex_m.c.obj</name>
      </input_file>
      <input_file id="fl-c3">
         <path>C:\ti\ccsv8\tools\compiler\ti-cgt-arm_18.1.5.LTS\lib\</path>
         <kind>archive</kind>
         <file>rtsv7M4_T_le_v4SPD16_eabi.lib</file>
         <name>exit.c.obj</name>
      </input_file>
      <input_file id="fl-c4">
         <path>C:\ti\ccsv8\tools\compiler\ti-cgt-arm_18.1.5.LTS\lib\</path>
         <kind>archive</kind>
         <file>rtsv7M4_T_le_v4SPD16_eabi.lib</file>
         <name>_lock.c.obj</name>
      </input_file>
      <input_file id="fl-c5">
         <path>C:\ti\ccsv8\tools\compiler\ti-cgt-arm_18.1.5.LTS\lib\</path>
         <kind>archive</kind>
         <file>rtsv7M4_T_le_v4SPD16_eabi.lib</file>
         <name>args_main.c.obj</name>
      </input_file>
      <input_file id="fl-c6">
         <path>C:\ti\ccsv8\tools\compiler\ti-cgt-arm_18.1.5.LTS\lib\</path>
         <kind>archive</kind>
         <file>rtsv7M4_T_le_v4SPD16_eabi.lib</file>
         <name>memcpy_t2.asm.obj</name>
      </input_file>
      <input_file id="fl-c7">
         <path>C:\ti\ccsv8\tools\compiler\ti-cgt-arm_18.1.5.LTS\lib\</path>
         <kind>archive</kind>
         <file>rtsv7M4_T_le_v4SPD16_eabi.lib</file>
         <name>autoinit.c.obj</name>
      </input_file>
      <input_file id="fl-c8">
         <path>C:\ti\ccsv8\tools\compiler\ti-cgt-arm_18.1.5.LTS\lib\</path>
         <kind>archive</kind>
         <file>rtsv7M4_T_le_v4SPD16_eabi.lib</file>
         <name>pre_init.c.obj</name>
      </input_file>
      <input_file id="fl-c9">
         <path>C:\ti\ccsv8\tools\compiler\ti-cgt-arm_18.1.5.LTS\lib\</path>
         <kind>archive</kind>
         <file>rtsv7M4_T_le_v4SPD16_eabi.lib</file>
         <name>cpy_tbl.c.obj</name>
      </input_file>
   </input_file_list>
   <object_component_list>
      <object_component id="oc-23">
         <name>.intvecs:retain</name>
         <load_address>0x0</load_address>
         <run_address>0x0</run_address>
         <size>0xe4</size>
         <input_file_ref idref="fl-3"/>
      </object_component>
      <object_component id="oc-6a">
         <name>.text</name>
         <load_address>0xe4</load_address>
         <run_address>0xe4</run_address>
         <size>0x7d4</size>
         <input_file_ref idref="fl-2"/>
      </object_component>
      <object_component id="oc-a2">
         <name>.text</name>
         <load_address>0x8b8</load_address>
         <run_address>0x8b8</run_address>
         <size>0x334</size>
         <input_file_ref idref="fl-4"/>
      </object_component>
      <object_component id="oc-34">
         <name>.text</name>
         <load_address>0xbec</load_address>
         <run_address>0xbec</run_address>
         <size>0x9c</size>
         <input_file_ref idref="fl-c6"/>
      </object_component>
      <object_component id="oc-8a">
         <name>.text</name>
         <load_address>0xc88</load_address>
         <run_address>0xc88</run_address>
         <size>0x7a</size>
         <input_file_ref idref="fl-be"/>
      </object_component>
      <object_component id="oc-14">
         <name>.text:decompress:lzss:__TI_decompress_lzss</name>
         <load_address>0xd02</load_address>
         <run_address>0xd02</run_address>
         <size>0x68</size>
         <input_file_ref idref="fl-c1"/>
      </object_component>
      <object_component id="oc-de">
         <name>.text:__TI_auto_init_nobinit_nopinit:__TI_auto_init_nobinit_nopinit</name>
         <load_address>0xd6c</load_address>
         <run_address>0xd6c</run_address>
         <size>0x44</size>
         <input_file_ref idref="fl-c7"/>
      </object_component>
      <object_component id="oc-52">
         <name>.text:_c_int00_noargs:_c_int00_noargs</name>
         <load_address>0xdb0</load_address>
         <run_address>0xdb0</run_address>
         <size>0x38</size>
         <input_file_ref idref="fl-c2"/>
      </object_component>
      <object_component id="oc-40">
         <name>.text:decompress:ZI:__TI_zero_init_nomemset:__TI_zero_init_nomemset</name>
         <load_address>0xde8</load_address>
         <run_address>0xde8</run_address>
         <size>0x12</size>
         <input_file_ref idref="fl-bf"/>
      </object_component>
      <object_component id="oc-1a">
         <name>.text:decompress:none:__TI_decompress_none</name>
         <load_address>0xdfa</load_address>
         <run_address>0xdfa</run_address>
         <size>0xe</size>
         <input_file_ref idref="fl-c0"/>
      </object_component>
      <object_component id="oc-64">
         <name>.text</name>
         <load_address>0xe08</load_address>
         <run_address>0xe08</run_address>
         <size>0xe</size>
         <input_file_ref idref="fl-3"/>
      </object_component>
      <object_component id="oc-90">
         <name>.text:_system_pre_init</name>
         <load_address>0xe16</load_address>
         <run_address>0xe16</run_address>
         <size>0x4</size>
         <input_file_ref idref="fl-c8"/>
      </object_component>
      <object_component id="oc-d2">
         <name>.text:abort:abort</name>
         <load_address>0xe1a</load_address>
         <run_address>0xe1a</run_address>
         <size>0x4</size>
         <input_file_ref idref="fl-c3"/>
      </object_component>
      <object_component id="oc-b2">
         <name>.const:font_table</name>
         <load_address>0xe1e</load_address>
         <run_address>0xe1e</run_address>
         <size>0x90</size>
         <input_file_ref idref="fl-2"/>
      </object_component>
      <object_component id="oc-1a8">
         <name>__TI_handler_table</name>
         <load_address>0xeb0</load_address>
         <run_address>0xeb0</run_address>
         <size>0xc</size>
      </object_component>
      <object_component id="oc-1aa">
         <name>.cinit..data.load</name>
         <load_address>0xebc</load_address>
         <run_address>0xebc</run_address>
         <size>0xb</size>
      </object_component>
      <object_component id="oc-1ab">
         <name>.cinit..bss.load</name>
         <load_address>0xec8</load_address>
         <run_address>0xec8</run_address>
         <size>0x8</size>
      </object_component>
      <object_component id="oc-1a9">
         <name>__TI_cinit_table</name>
         <load_address>0xed0</load_address>
         <run_address>0xed0</run_address>
         <size>0x10</size>
      </object_component>
      <object_component id="oc-17d">
         <name>.binit</name>
         <load_address>0x0</load_address>
         <run_address>0x0</run_address>
         <size>0x0</size>
      </object_component>
      <object_component id="oc-a9">
         <name>.data</name>
         <load_address>0x20000000</load_address>
         <run_address>0x20000000</run_address>
         <size>0xc</size>
         <input_file_ref idref="fl-2"/>
      </object_component>
      <object_component id="oc-110">
         <name>.data</name>
         <load_address>0x2000000c</load_address>
         <run_address>0x2000000c</run_address>
         <size>0x4</size>
         <input_file_ref idref="fl-4"/>
      </object_component>
      <object_component id="oc-ac">
         <name>.common:timeout</name>
         <uninitialized>true</uninitialized>
         <run_address>0x2000001c</run_address>
         <size>0x1</size>
      </object_component>
      <object_component id="oc-af">
         <name>.common:Packet</name>
         <uninitialized>true</uninitialized>
         <run_address>0x20000010</run_address>
         <size>0x8</size>
      </object_component>
      <object_component id="oc-b1">
         <name>.common:tempc</name>
         <uninitialized>true</uninitialized>
         <run_address>0x2000001a</run_address>
         <size>0x2</size>
      </object_component>
      <object_component id="oc-b0">
         <name>.common:humid</name>
         <uninitialized>true</uninitialized>
         <run_address>0x20000018</run_address>
         <size>0x2</size>
      </object_component>
      <object_component id="oc-26">
         <name>.stack</name>
         <uninitialized>true</uninitialized>
         <run_address>0x2000fe00</run_address>
         <size>0x4</size>
         <input_file_ref idref="fl-c2"/>
      </object_component>
      <object_component id="oc-1ac">
         <name>.stack</name>
         <uninitialized>true</uninitialized>
         <run_address>0x2000fe00</run_address>
         <size>0x0</size>
      </object_component>
      <object_component id="oc-ad">
         <name>.debug_info</name>
         <load_address>0x0</load_address>
         <run_address>0x0</run_address>
         <size>0x5ef</size>
         <input_file_ref idref="fl-2"/>
      </object_component>
      <object_component id="oc-aa">
         <name>.debug_info</name>
         <load_address>0x5ef</load_address>
         <run_address>0x5ef</run_address>
         <size>0xef</size>
         <input_file_ref idref="fl-2"/>
      </object_component>
      <object_component id="oc-b3">
         <name>.debug_info</name>
         <load_address>0x6de</load_address>
         <run_address>0x6de</run_address>
         <size>0xcb</size>
         <input_file_ref idref="fl-2"/>
      </object_component>
      <object_component id="oc-6b">
         <name>.debug_info</name>
         <load_address>0x7a9</load_address>
         <run_address>0x7a9</run_address>
         <size>0xd3b</size>
         <input_file_ref idref="fl-2"/>
      </object_component>
      <object_component id="oc-118">
         <name>.debug_info</name>
         <load_address>0x14e4</load_address>
         <run_address>0x14e4</run_address>
         <size>0x37e2</size>
         <input_file_ref idref="fl-2"/>
      </object_component>
      <object_component id="oc-11d">
         <name>.debug_info</name>
         <load_address>0x4cc6</load_address>
         <run_address>0x4cc6</run_address>
         <size>0x1055</size>
         <input_file_ref idref="fl-2"/>
      </object_component>
      <object_component id="oc-bd">
         <name>.debug_info</name>
         <load_address>0x5d1b</load_address>
         <run_address>0x5d1b</run_address>
         <size>0x26b</size>
         <input_file_ref idref="fl-2"/>
      </object_component>
      <object_component id="oc-2f">
         <name>.debug_info</name>
         <load_address>0x5f86</load_address>
         <run_address>0x5f86</run_address>
         <size>0x84</size>
         <input_file_ref idref="fl-2"/>
      </object_component>
      <object_component id="oc-124">
         <name>.debug_info</name>
         <load_address>0x600a</load_address>
         <run_address>0x600a</run_address>
         <size>0x297</size>
         <input_file_ref idref="fl-2"/>
      </object_component>
      <object_component id="oc-b6">
         <name>.debug_info</name>
         <load_address>0x62a1</load_address>
         <run_address>0x62a1</run_address>
         <size>0xbb</size>
         <input_file_ref idref="fl-2"/>
      </object_component>
      <object_component id="oc-72">
         <name>.debug_info</name>
         <load_address>0x635c</load_address>
         <run_address>0x635c</run_address>
         <size>0x2be</size>
         <input_file_ref idref="fl-3"/>
      </object_component>
      <object_component id="oc-24">
         <name>.debug_info</name>
         <load_address>0x661a</load_address>
         <run_address>0x661a</run_address>
         <size>0xea</size>
         <input_file_ref idref="fl-3"/>
      </object_component>
      <object_component id="oc-65">
         <name>.debug_info</name>
         <load_address>0x6704</load_address>
         <run_address>0x6704</run_address>
         <size>0x1b1</size>
         <input_file_ref idref="fl-3"/>
      </object_component>
      <object_component id="oc-111">
         <name>.debug_info</name>
         <load_address>0x68b5</load_address>
         <run_address>0x68b5</run_address>
         <size>0xe3</size>
         <input_file_ref idref="fl-4"/>
      </object_component>
      <object_component id="oc-a3">
         <name>.debug_info</name>
         <load_address>0x6998</load_address>
         <run_address>0x6998</run_address>
         <size>0x255</size>
         <input_file_ref idref="fl-4"/>
      </object_component>
      <object_component id="oc-8b">
         <name>.debug_info</name>
         <load_address>0x6bed</load_address>
         <run_address>0x6bed</run_address>
         <size>0x14a</size>
         <input_file_ref idref="fl-be"/>
      </object_component>
      <object_component id="oc-89">
         <name>.debug_info</name>
         <load_address>0x6d37</load_address>
         <run_address>0x6d37</run_address>
         <size>0x31e</size>
         <input_file_ref idref="fl-bf"/>
      </object_component>
      <object_component id="oc-42">
         <name>.debug_info</name>
         <load_address>0x7055</load_address>
         <run_address>0x7055</run_address>
         <size>0x1bf</size>
         <input_file_ref idref="fl-bf"/>
      </object_component>
      <object_component id="oc-84">
         <name>.debug_info</name>
         <load_address>0x7214</load_address>
         <run_address>0x7214</run_address>
         <size>0x46</size>
         <input_file_ref idref="fl-bf"/>
      </object_component>
      <object_component id="oc-c9">
         <name>.debug_info</name>
         <load_address>0x725a</load_address>
         <run_address>0x725a</run_address>
         <size>0x2c</size>
         <input_file_ref idref="fl-bf"/>
      </object_component>
      <object_component id="oc-3f">
         <name>.debug_info</name>
         <load_address>0x7286</load_address>
         <run_address>0x7286</run_address>
         <size>0x2a8</size>
         <input_file_ref idref="fl-c0"/>
      </object_component>
      <object_component id="oc-1e">
         <name>.debug_info</name>
         <load_address>0x752e</load_address>
         <run_address>0x752e</run_address>
         <size>0x1ea</size>
         <input_file_ref idref="fl-c0"/>
      </object_component>
      <object_component id="oc-3a">
         <name>.debug_info</name>
         <load_address>0x7718</load_address>
         <run_address>0x7718</run_address>
         <size>0x46</size>
         <input_file_ref idref="fl-c0"/>
      </object_component>
      <object_component id="oc-7c">
         <name>.debug_info</name>
         <load_address>0x775e</load_address>
         <run_address>0x775e</run_address>
         <size>0x2c</size>
         <input_file_ref idref="fl-c0"/>
      </object_component>
      <object_component id="oc-7a">
         <name>.debug_info</name>
         <load_address>0x778a</load_address>
         <run_address>0x778a</run_address>
         <size>0x29e</size>
         <input_file_ref idref="fl-c1"/>
      </object_component>
      <object_component id="oc-16">
         <name>.debug_info</name>
         <load_address>0x7a28</load_address>
         <run_address>0x7a28</run_address>
         <size>0x250</size>
         <input_file_ref idref="fl-c1"/>
      </object_component>
      <object_component id="oc-2a">
         <name>.debug_info</name>
         <load_address>0x7c78</load_address>
         <run_address>0x7c78</run_address>
         <size>0x60</size>
         <input_file_ref idref="fl-c1"/>
      </object_component>
      <object_component id="oc-c2">
         <name>.debug_info</name>
         <load_address>0x7cd8</load_address>
         <run_address>0x7cd8</run_address>
         <size>0x46</size>
         <input_file_ref idref="fl-c1"/>
      </object_component>
      <object_component id="oc-75">
         <name>.debug_info</name>
         <load_address>0x7d1e</load_address>
         <run_address>0x7d1e</run_address>
         <size>0x39</size>
         <input_file_ref idref="fl-c1"/>
      </object_component>
      <object_component id="oc-27">
         <name>.debug_info</name>
         <load_address>0x7d57</load_address>
         <run_address>0x7d57</run_address>
         <size>0x10b</size>
         <input_file_ref idref="fl-c2"/>
      </object_component>
      <object_component id="oc-53">
         <name>.debug_info</name>
         <load_address>0x7e62</load_address>
         <run_address>0x7e62</run_address>
         <size>0x1af</size>
         <input_file_ref idref="fl-c2"/>
      </object_component>
      <object_component id="oc-d6">
         <name>.debug_info</name>
         <load_address>0x8011</load_address>
         <run_address>0x8011</run_address>
         <size>0x122</size>
         <input_file_ref idref="fl-c3"/>
      </object_component>
      <object_component id="oc-35">
         <name>.debug_info</name>
         <load_address>0x8133</load_address>
         <run_address>0x8133</run_address>
         <size>0x11c</size>
         <input_file_ref idref="fl-c6"/>
      </object_component>
      <object_component id="oc-134">
         <name>.debug_info</name>
         <load_address>0x824f</load_address>
         <run_address>0x824f</run_address>
         <size>0x552</size>
         <input_file_ref idref="fl-c7"/>
      </object_component>
      <object_component id="oc-e0">
         <name>.debug_info</name>
         <load_address>0x87a1</load_address>
         <run_address>0x87a1</run_address>
         <size>0x1a6</size>
         <input_file_ref idref="fl-c7"/>
      </object_component>
      <object_component id="oc-15b">
         <name>.debug_info</name>
         <load_address>0x8947</load_address>
         <run_address>0x8947</run_address>
         <size>0x39</size>
         <input_file_ref idref="fl-c7"/>
      </object_component>
      <object_component id="oc-16f">
         <name>.debug_info</name>
         <load_address>0x8980</load_address>
         <run_address>0x8980</run_address>
         <size>0x39</size>
         <input_file_ref idref="fl-c7"/>
      </object_component>
      <object_component id="oc-160">
         <name>.debug_info</name>
         <load_address>0x89b9</load_address>
         <run_address>0x89b9</run_address>
         <size>0x39</size>
         <input_file_ref idref="fl-c7"/>
      </object_component>
      <object_component id="oc-165">
         <name>.debug_info</name>
         <load_address>0x89f2</load_address>
         <run_address>0x89f2</run_address>
         <size>0xcd</size>
         <input_file_ref idref="fl-c7"/>
      </object_component>
      <object_component id="oc-93">
         <name>.debug_info</name>
         <load_address>0x8abf</load_address>
         <run_address>0x8abf</run_address>
         <size>0x153</size>
         <input_file_ref idref="fl-c8"/>
      </object_component>
      <object_component id="oc-1ad">
         <name>.debug_info</name>
         <load_address>0x8c12</load_address>
         <run_address>0x8c12</run_address>
         <size>0x99</size>
      </object_component>
      <object_component id="oc-117">
         <name>.debug_line</name>
         <load_address>0x0</load_address>
         <run_address>0x0</run_address>
         <size>0x2d</size>
         <input_file_ref idref="fl-2"/>
      </object_component>
      <object_component id="oc-115">
         <name>.debug_line</name>
         <load_address>0x2d</load_address>
         <run_address>0x2d</run_address>
         <size>0x2d</size>
         <input_file_ref idref="fl-2"/>
      </object_component>
      <object_component id="oc-123">
         <name>.debug_line</name>
         <load_address>0x5a</load_address>
         <run_address>0x5a</run_address>
         <size>0x2d</size>
         <input_file_ref idref="fl-2"/>
      </object_component>
      <object_component id="oc-6e">
         <name>.debug_line</name>
         <load_address>0x87</load_address>
         <run_address>0x87</run_address>
         <size>0x3da</size>
         <input_file_ref idref="fl-2"/>
      </object_component>
      <object_component id="oc-11b">
         <name>.debug_line</name>
         <load_address>0x461</load_address>
         <run_address>0x461</run_address>
         <size>0x52</size>
         <input_file_ref idref="fl-2"/>
      </object_component>
      <object_component id="oc-120">
         <name>.debug_line</name>
         <load_address>0x4b3</load_address>
         <run_address>0x4b3</run_address>
         <size>0x55</size>
         <input_file_ref idref="fl-2"/>
      </object_component>
      <object_component id="oc-c0">
         <name>.debug_line</name>
         <load_address>0x508</load_address>
         <run_address>0x508</run_address>
         <size>0x69</size>
         <input_file_ref idref="fl-2"/>
      </object_component>
      <object_component id="oc-32">
         <name>.debug_line</name>
         <load_address>0x571</load_address>
         <run_address>0x571</run_address>
         <size>0x20</size>
         <input_file_ref idref="fl-2"/>
      </object_component>
      <object_component id="oc-127">
         <name>.debug_line</name>
         <load_address>0x591</load_address>
         <run_address>0x591</run_address>
         <size>0x6d</size>
         <input_file_ref idref="fl-2"/>
      </object_component>
      <object_component id="oc-b9">
         <name>.debug_line</name>
         <load_address>0x5fe</load_address>
         <run_address>0x5fe</run_address>
         <size>0x6a</size>
         <input_file_ref idref="fl-2"/>
      </object_component>
      <object_component id="oc-bc">
         <name>.debug_line</name>
         <load_address>0x668</load_address>
         <run_address>0x668</run_address>
         <size>0x40</size>
         <input_file_ref idref="fl-3"/>
      </object_component>
      <object_component id="oc-71">
         <name>.debug_line</name>
         <load_address>0x6a8</load_address>
         <run_address>0x6a8</run_address>
         <size>0x40</size>
         <input_file_ref idref="fl-3"/>
      </object_component>
      <object_component id="oc-68">
         <name>.debug_line</name>
         <load_address>0x6e8</load_address>
         <run_address>0x6e8</run_address>
         <size>0x71</size>
         <input_file_ref idref="fl-3"/>
      </object_component>
      <object_component id="oc-14a">
         <name>.debug_line</name>
         <load_address>0x759</load_address>
         <run_address>0x759</run_address>
         <size>0x3b</size>
         <input_file_ref idref="fl-4"/>
      </object_component>
      <object_component id="oc-a7">
         <name>.debug_line</name>
         <load_address>0x794</load_address>
         <run_address>0x794</run_address>
         <size>0x159</size>
         <input_file_ref idref="fl-4"/>
      </object_component>
      <object_component id="oc-8e">
         <name>.debug_line</name>
         <load_address>0x8ed</load_address>
         <run_address>0x8ed</run_address>
         <size>0x79</size>
         <input_file_ref idref="fl-be"/>
      </object_component>
      <object_component id="oc-cf">
         <name>.debug_line</name>
         <load_address>0x966</load_address>
         <run_address>0x966</run_address>
         <size>0xa9</size>
         <input_file_ref idref="fl-bf"/>
      </object_component>
      <object_component id="oc-41">
         <name>.debug_line</name>
         <load_address>0xa0f</load_address>
         <run_address>0xa0f</run_address>
         <size>0x4f</size>
         <input_file_ref idref="fl-bf"/>
      </object_component>
      <object_component id="oc-87">
         <name>.debug_line</name>
         <load_address>0xa5e</load_address>
         <run_address>0xa5e</run_address>
         <size>0x34</size>
         <input_file_ref idref="fl-bf"/>
      </object_component>
      <object_component id="oc-cc">
         <name>.debug_line</name>
         <load_address>0xa92</load_address>
         <run_address>0xa92</run_address>
         <size>0x95</size>
         <input_file_ref idref="fl-bf"/>
      </object_component>
      <object_component id="oc-82">
         <name>.debug_line</name>
         <load_address>0xb27</load_address>
         <run_address>0xb27</run_address>
         <size>0x20</size>
         <input_file_ref idref="fl-c0"/>
      </object_component>
      <object_component id="oc-1c">
         <name>.debug_line</name>
         <load_address>0xb47</load_address>
         <run_address>0xb47</run_address>
         <size>0x55</size>
         <input_file_ref idref="fl-c0"/>
      </object_component>
      <object_component id="oc-3d">
         <name>.debug_line</name>
         <load_address>0xb9c</load_address>
         <run_address>0xb9c</run_address>
         <size>0x3a</size>
         <input_file_ref idref="fl-c0"/>
      </object_component>
      <object_component id="oc-7f">
         <name>.debug_line</name>
         <load_address>0xbd6</load_address>
         <run_address>0xbd6</run_address>
         <size>0x95</size>
         <input_file_ref idref="fl-c0"/>
      </object_component>
      <object_component id="oc-c8">
         <name>.debug_line</name>
         <load_address>0xc6b</load_address>
         <run_address>0xc6b</run_address>
         <size>0x20</size>
         <input_file_ref idref="fl-c1"/>
      </object_component>
      <object_component id="oc-15">
         <name>.debug_line</name>
         <load_address>0xc8b</load_address>
         <run_address>0xc8b</run_address>
         <size>0xa9</size>
         <input_file_ref idref="fl-c1"/>
      </object_component>
      <object_component id="oc-2d">
         <name>.debug_line</name>
         <load_address>0xd34</load_address>
         <run_address>0xd34</run_address>
         <size>0x3a</size>
         <input_file_ref idref="fl-c1"/>
      </object_component>
      <object_component id="oc-c5">
         <name>.debug_line</name>
         <load_address>0xd6e</load_address>
         <run_address>0xd6e</run_address>
         <size>0x9d</size>
         <input_file_ref idref="fl-c1"/>
      </object_component>
      <object_component id="oc-78">
         <name>.debug_line</name>
         <load_address>0xe0b</load_address>
         <run_address>0xe0b</run_address>
         <size>0x99</size>
         <input_file_ref idref="fl-c1"/>
      </object_component>
      <object_component id="oc-74">
         <name>.debug_line</name>
         <load_address>0xea4</load_address>
         <run_address>0xea4</run_address>
         <size>0x33</size>
         <input_file_ref idref="fl-c2"/>
      </object_component>
      <object_component id="oc-56">
         <name>.debug_line</name>
         <load_address>0xed7</load_address>
         <run_address>0xed7</run_address>
         <size>0x56</size>
         <input_file_ref idref="fl-c2"/>
      </object_component>
      <object_component id="oc-d4">
         <name>.debug_line</name>
         <load_address>0xf2d</load_address>
         <run_address>0xf2d</run_address>
         <size>0x3c</size>
         <input_file_ref idref="fl-c3"/>
      </object_component>
      <object_component id="oc-38">
         <name>.debug_line</name>
         <load_address>0xf69</load_address>
         <run_address>0xf69</run_address>
         <size>0x88</size>
         <input_file_ref idref="fl-c6"/>
      </object_component>
      <object_component id="oc-15a">
         <name>.debug_line</name>
         <load_address>0xff1</load_address>
         <run_address>0xff1</run_address>
         <size>0xc2</size>
         <input_file_ref idref="fl-c7"/>
      </object_component>
      <object_component id="oc-df">
         <name>.debug_line</name>
         <load_address>0x10b3</load_address>
         <run_address>0x10b3</run_address>
         <size>0x6c</size>
         <input_file_ref idref="fl-c7"/>
      </object_component>
      <object_component id="oc-15e">
         <name>.debug_line</name>
         <load_address>0x111f</load_address>
         <run_address>0x111f</run_address>
         <size>0x2e</size>
         <input_file_ref idref="fl-c7"/>
      </object_component>
      <object_component id="oc-172">
         <name>.debug_line</name>
         <load_address>0x114d</load_address>
         <run_address>0x114d</run_address>
         <size>0x9d</size>
         <input_file_ref idref="fl-c7"/>
      </object_component>
      <object_component id="oc-163">
         <name>.debug_line</name>
         <load_address>0x11ea</load_address>
         <run_address>0x11ea</run_address>
         <size>0x9a</size>
         <input_file_ref idref="fl-c7"/>
      </object_component>
      <object_component id="oc-168">
         <name>.debug_line</name>
         <load_address>0x1284</load_address>
         <run_address>0x1284</run_address>
         <size>0x96</size>
         <input_file_ref idref="fl-c7"/>
      </object_component>
      <object_component id="oc-91">
         <name>.debug_line</name>
         <load_address>0x131a</load_address>
         <run_address>0x131a</run_address>
         <size>0x40</size>
         <input_file_ref idref="fl-c8"/>
      </object_component>
      <object_component id="oc-6f">
         <name>.debug_frame</name>
         <load_address>0x0</load_address>
         <run_address>0x0</run_address>
         <size>0x218</size>
         <input_file_ref idref="fl-2"/>
      </object_component>
      <object_component id="oc-69">
         <name>.debug_frame</name>
         <load_address>0x218</load_address>
         <run_address>0x218</run_address>
         <size>0x6c</size>
         <input_file_ref idref="fl-3"/>
      </object_component>
      <object_component id="oc-a6">
         <name>.debug_frame</name>
         <load_address>0x284</load_address>
         <run_address>0x284</run_address>
         <size>0x70</size>
         <input_file_ref idref="fl-4"/>
      </object_component>
      <object_component id="oc-45">
         <name>.debug_frame</name>
         <load_address>0x2f4</load_address>
         <run_address>0x2f4</run_address>
         <size>0x54</size>
         <input_file_ref idref="fl-bf"/>
      </object_component>
      <object_component id="oc-1b">
         <name>.debug_frame</name>
         <load_address>0x348</load_address>
         <run_address>0x348</run_address>
         <size>0x54</size>
         <input_file_ref idref="fl-c0"/>
      </object_component>
      <object_component id="oc-19">
         <name>.debug_frame</name>
         <load_address>0x39c</load_address>
         <run_address>0x39c</run_address>
         <size>0x60</size>
         <input_file_ref idref="fl-c1"/>
      </object_component>
      <object_component id="oc-57">
         <name>.debug_frame</name>
         <load_address>0x3fc</load_address>
         <run_address>0x3fc</run_address>
         <size>0x58</size>
         <input_file_ref idref="fl-c2"/>
      </object_component>
      <object_component id="oc-d3">
         <name>.debug_frame</name>
         <load_address>0x454</load_address>
         <run_address>0x454</run_address>
         <size>0x54</size>
         <input_file_ref idref="fl-c3"/>
      </object_component>
      <object_component id="oc-e3">
         <name>.debug_frame</name>
         <load_address>0x4a8</load_address>
         <run_address>0x4a8</run_address>
         <size>0x5c</size>
         <input_file_ref idref="fl-c7"/>
      </object_component>
      <object_component id="oc-92">
         <name>.debug_frame</name>
         <load_address>0x504</load_address>
         <run_address>0x504</run_address>
         <size>0x54</size>
         <input_file_ref idref="fl-c8"/>
      </object_component>
      <object_component id="oc-116">
         <name>.debug_abbrev</name>
         <load_address>0x0</load_address>
         <run_address>0x0</run_address>
         <size>0xad</size>
         <input_file_ref idref="fl-2"/>
      </object_component>
      <object_component id="oc-114">
         <name>.debug_abbrev</name>
         <load_address>0xad</load_address>
         <run_address>0xad</run_address>
         <size>0x29</size>
         <input_file_ref idref="fl-2"/>
      </object_component>
      <object_component id="oc-122">
         <name>.debug_abbrev</name>
         <load_address>0xd6</load_address>
         <run_address>0xd6</run_address>
         <size>0x29</size>
         <input_file_ref idref="fl-2"/>
      </object_component>
      <object_component id="oc-b5">
         <name>.debug_abbrev</name>
         <load_address>0xff</load_address>
         <run_address>0xff</run_address>
         <size>0x110</size>
         <input_file_ref idref="fl-2"/>
      </object_component>
      <object_component id="oc-11a">
         <name>.debug_abbrev</name>
         <load_address>0x20f</load_address>
         <run_address>0x20f</run_address>
         <size>0xbd</size>
         <input_file_ref idref="fl-2"/>
      </object_component>
      <object_component id="oc-11f">
         <name>.debug_abbrev</name>
         <load_address>0x2cc</load_address>
         <run_address>0x2cc</run_address>
         <size>0x97</size>
         <input_file_ref idref="fl-2"/>
      </object_component>
      <object_component id="oc-bf">
         <name>.debug_abbrev</name>
         <load_address>0x363</load_address>
         <run_address>0x363</run_address>
         <size>0x69</size>
         <input_file_ref idref="fl-2"/>
      </object_component>
      <object_component id="oc-31">
         <name>.debug_abbrev</name>
         <load_address>0x3cc</load_address>
         <run_address>0x3cc</run_address>
         <size>0x1f</size>
         <input_file_ref idref="fl-2"/>
      </object_component>
      <object_component id="oc-126">
         <name>.debug_abbrev</name>
         <load_address>0x3eb</load_address>
         <run_address>0x3eb</run_address>
         <size>0x5c</size>
         <input_file_ref idref="fl-2"/>
      </object_component>
      <object_component id="oc-b8">
         <name>.debug_abbrev</name>
         <load_address>0x447</load_address>
         <run_address>0x447</run_address>
         <size>0x24</size>
         <input_file_ref idref="fl-2"/>
      </object_component>
      <object_component id="oc-bb">
         <name>.debug_abbrev</name>
         <load_address>0x46b</load_address>
         <run_address>0x46b</run_address>
         <size>0x7c</size>
         <input_file_ref idref="fl-3"/>
      </object_component>
      <object_component id="oc-70">
         <name>.debug_abbrev</name>
         <load_address>0x4e7</load_address>
         <run_address>0x4e7</run_address>
         <size>0x29</size>
         <input_file_ref idref="fl-3"/>
      </object_component>
      <object_component id="oc-a8">
         <name>.debug_abbrev</name>
         <load_address>0x510</load_address>
         <run_address>0x510</run_address>
         <size>0x89</size>
         <input_file_ref idref="fl-3"/>
      </object_component>
      <object_component id="oc-149">
         <name>.debug_abbrev</name>
         <load_address>0x599</load_address>
         <run_address>0x599</run_address>
         <size>0x29</size>
         <input_file_ref idref="fl-4"/>
      </object_component>
      <object_component id="oc-113">
         <name>.debug_abbrev</name>
         <load_address>0x5c2</load_address>
         <run_address>0x5c2</run_address>
         <size>0x8b</size>
         <input_file_ref idref="fl-4"/>
      </object_component>
      <object_component id="oc-d0">
         <name>.debug_abbrev</name>
         <load_address>0x64d</load_address>
         <run_address>0x64d</run_address>
         <size>0x4f</size>
         <input_file_ref idref="fl-be"/>
      </object_component>
      <object_component id="oc-ce">
         <name>.debug_abbrev</name>
         <load_address>0x69c</load_address>
         <run_address>0x69c</run_address>
         <size>0x73</size>
         <input_file_ref idref="fl-bf"/>
      </object_component>
      <object_component id="oc-83">
         <name>.debug_abbrev</name>
         <load_address>0x70f</load_address>
         <run_address>0x70f</run_address>
         <size>0x6f</size>
         <input_file_ref idref="fl-bf"/>
      </object_component>
      <object_component id="oc-86">
         <name>.debug_abbrev</name>
         <load_address>0x77e</load_address>
         <run_address>0x77e</run_address>
         <size>0x24</size>
         <input_file_ref idref="fl-bf"/>
      </object_component>
      <object_component id="oc-cb">
         <name>.debug_abbrev</name>
         <load_address>0x7a2</load_address>
         <run_address>0x7a2</run_address>
         <size>0x24</size>
         <input_file_ref idref="fl-bf"/>
      </object_component>
      <object_component id="oc-81">
         <name>.debug_abbrev</name>
         <load_address>0x7c6</load_address>
         <run_address>0x7c6</run_address>
         <size>0x37</size>
         <input_file_ref idref="fl-c0"/>
      </object_component>
      <object_component id="oc-39">
         <name>.debug_abbrev</name>
         <load_address>0x7fd</load_address>
         <run_address>0x7fd</run_address>
         <size>0x74</size>
         <input_file_ref idref="fl-c0"/>
      </object_component>
      <object_component id="oc-3c">
         <name>.debug_abbrev</name>
         <load_address>0x871</load_address>
         <run_address>0x871</run_address>
         <size>0x24</size>
         <input_file_ref idref="fl-c0"/>
      </object_component>
      <object_component id="oc-7e">
         <name>.debug_abbrev</name>
         <load_address>0x895</load_address>
         <run_address>0x895</run_address>
         <size>0x24</size>
         <input_file_ref idref="fl-c0"/>
      </object_component>
      <object_component id="oc-c7">
         <name>.debug_abbrev</name>
         <load_address>0x8b9</load_address>
         <run_address>0x8b9</run_address>
         <size>0x37</size>
         <input_file_ref idref="fl-c1"/>
      </object_component>
      <object_component id="oc-29">
         <name>.debug_abbrev</name>
         <load_address>0x8f0</load_address>
         <run_address>0x8f0</run_address>
         <size>0x6f</size>
         <input_file_ref idref="fl-c1"/>
      </object_component>
      <object_component id="oc-2c">
         <name>.debug_abbrev</name>
         <load_address>0x95f</load_address>
         <run_address>0x95f</run_address>
         <size>0x24</size>
         <input_file_ref idref="fl-c1"/>
      </object_component>
      <object_component id="oc-c4">
         <name>.debug_abbrev</name>
         <load_address>0x983</load_address>
         <run_address>0x983</run_address>
         <size>0x35</size>
         <input_file_ref idref="fl-c1"/>
      </object_component>
      <object_component id="oc-77">
         <name>.debug_abbrev</name>
         <load_address>0x9b8</load_address>
         <run_address>0x9b8</run_address>
         <size>0x24</size>
         <input_file_ref idref="fl-c1"/>
      </object_component>
      <object_component id="oc-73">
         <name>.debug_abbrev</name>
         <load_address>0x9dc</load_address>
         <run_address>0x9dc</run_address>
         <size>0x29</size>
         <input_file_ref idref="fl-c2"/>
      </object_component>
      <object_component id="oc-99">
         <name>.debug_abbrev</name>
         <load_address>0xa05</load_address>
         <run_address>0xa05</run_address>
         <size>0x61</size>
         <input_file_ref idref="fl-c2"/>
      </object_component>
      <object_component id="oc-129">
         <name>.debug_abbrev</name>
         <load_address>0xa66</load_address>
         <run_address>0xa66</run_address>
         <size>0x45</size>
         <input_file_ref idref="fl-c3"/>
      </object_component>
      <object_component id="oc-7b">
         <name>.debug_abbrev</name>
         <load_address>0xaab</load_address>
         <run_address>0xaab</run_address>
         <size>0x3e</size>
         <input_file_ref idref="fl-c6"/>
      </object_component>
      <object_component id="oc-159">
         <name>.debug_abbrev</name>
         <load_address>0xae9</load_address>
         <run_address>0xae9</run_address>
         <size>0xdb</size>
         <input_file_ref idref="fl-c7"/>
      </object_component>
      <object_component id="oc-133">
         <name>.debug_abbrev</name>
         <load_address>0xbc4</load_address>
         <run_address>0xbc4</run_address>
         <size>0x7e</size>
         <input_file_ref idref="fl-c7"/>
      </object_component>
      <object_component id="oc-15d">
         <name>.debug_abbrev</name>
         <load_address>0xc42</load_address>
         <run_address>0xc42</run_address>
         <size>0x24</size>
         <input_file_ref idref="fl-c7"/>
      </object_component>
      <object_component id="oc-171">
         <name>.debug_abbrev</name>
         <load_address>0xc66</load_address>
         <run_address>0xc66</run_address>
         <size>0x24</size>
         <input_file_ref idref="fl-c7"/>
      </object_component>
      <object_component id="oc-162">
         <name>.debug_abbrev</name>
         <load_address>0xc8a</load_address>
         <run_address>0xc8a</run_address>
         <size>0x24</size>
         <input_file_ref idref="fl-c7"/>
      </object_component>
      <object_component id="oc-167">
         <name>.debug_abbrev</name>
         <load_address>0xcae</load_address>
         <run_address>0xcae</run_address>
         <size>0x4b</size>
         <input_file_ref idref="fl-c7"/>
      </object_component>
      <object_component id="oc-d1">
         <name>.debug_abbrev</name>
         <load_address>0xcf9</load_address>
         <run_address>0xcf9</run_address>
         <size>0x55</size>
         <input_file_ref idref="fl-c8"/>
      </object_component>
      <object_component id="oc-1ae">
         <name>.debug_abbrev</name>
         <load_address>0xd4e</load_address>
         <run_address>0xd4e</run_address>
         <size>0xf</size>
      </object_component>
      <object_component id="oc-11c">
         <name>.debug_str</name>
         <load_address>0x0</load_address>
         <run_address>0x0</run_address>
         <size>0x15ba</size>
         <input_file_ref idref="fl-2"/>
      </object_component>
      <object_component id="oc-121">
         <name>.debug_str</name>
         <load_address>0x15ba</load_address>
         <run_address>0x15ba</run_address>
         <size>0x476</size>
         <input_file_ref idref="fl-2"/>
      </object_component>
      <object_component id="oc-c1">
         <name>.debug_str</name>
         <load_address>0x1a30</load_address>
         <run_address>0x1a30</run_address>
         <size>0x2a1</size>
         <input_file_ref idref="fl-2"/>
      </object_component>
      <object_component id="oc-33">
         <name>.debug_str</name>
         <load_address>0x1cd1</load_address>
         <run_address>0x1cd1</run_address>
         <size>0xfa</size>
         <input_file_ref idref="fl-2"/>
      </object_component>
      <object_component id="oc-128">
         <name>.debug_str</name>
         <load_address>0x1dcb</load_address>
         <run_address>0x1dcb</run_address>
         <size>0x330</size>
         <input_file_ref idref="fl-2"/>
      </object_component>
      <object_component id="oc-ba">
         <name>.debug_str</name>
         <load_address>0x20fb</load_address>
         <run_address>0x20fb</run_address>
         <size>0x139</size>
         <input_file_ref idref="fl-2"/>
      </object_component>
      <object_component id="oc-88">
         <name>.debug_str</name>
         <load_address>0x2234</load_address>
         <run_address>0x2234</run_address>
         <size>0x105</size>
         <input_file_ref idref="fl-bf"/>
      </object_component>
      <object_component id="oc-cd">
         <name>.debug_str</name>
         <load_address>0x2339</load_address>
         <run_address>0x2339</run_address>
         <size>0x143</size>
         <input_file_ref idref="fl-bf"/>
      </object_component>
      <object_component id="oc-3e">
         <name>.debug_str</name>
         <load_address>0x247c</load_address>
         <run_address>0x247c</run_address>
         <size>0x10b</size>
         <input_file_ref idref="fl-c0"/>
      </object_component>
      <object_component id="oc-80">
         <name>.debug_str</name>
         <load_address>0x2587</load_address>
         <run_address>0x2587</run_address>
         <size>0x143</size>
         <input_file_ref idref="fl-c0"/>
      </object_component>
      <object_component id="oc-2e">
         <name>.debug_str</name>
         <load_address>0x26ca</load_address>
         <run_address>0x26ca</run_address>
         <size>0x118</size>
         <input_file_ref idref="fl-c1"/>
      </object_component>
      <object_component id="oc-c6">
         <name>.debug_str</name>
         <load_address>0x27e2</load_address>
         <run_address>0x27e2</run_address>
         <size>0x16e</size>
         <input_file_ref idref="fl-c1"/>
      </object_component>
      <object_component id="oc-79">
         <name>.debug_str</name>
         <load_address>0x2950</load_address>
         <run_address>0x2950</run_address>
         <size>0x15b</size>
         <input_file_ref idref="fl-c1"/>
      </object_component>
      <object_component id="oc-15f">
         <name>.debug_str</name>
         <load_address>0x2aab</load_address>
         <run_address>0x2aab</run_address>
         <size>0xed</size>
         <input_file_ref idref="fl-c7"/>
      </object_component>
      <object_component id="oc-173">
         <name>.debug_str</name>
         <load_address>0x2b98</load_address>
         <run_address>0x2b98</run_address>
         <size>0x15a</size>
         <input_file_ref idref="fl-c7"/>
      </object_component>
      <object_component id="oc-164">
         <name>.debug_str</name>
         <load_address>0x2cf2</load_address>
         <run_address>0x2cf2</run_address>
         <size>0x153</size>
         <input_file_ref idref="fl-c7"/>
      </object_component>
      <object_component id="oc-169">
         <name>.debug_str</name>
         <load_address>0x2e45</load_address>
         <run_address>0x2e45</run_address>
         <size>0x19a</size>
         <input_file_ref idref="fl-c7"/>
      </object_component>
      <object_component id="oc-6d">
         <name>.debug_aranges</name>
         <load_address>0x0</load_address>
         <run_address>0x0</run_address>
         <size>0xb8</size>
         <input_file_ref idref="fl-2"/>
      </object_component>
      <object_component id="oc-66">
         <name>.debug_aranges</name>
         <load_address>0xb8</load_address>
         <run_address>0xb8</run_address>
         <size>0x28</size>
         <input_file_ref idref="fl-3"/>
      </object_component>
      <object_component id="oc-a5">
         <name>.debug_aranges</name>
         <load_address>0xe0</load_address>
         <run_address>0xe0</run_address>
         <size>0x28</size>
         <input_file_ref idref="fl-4"/>
      </object_component>
      <object_component id="oc-8d">
         <name>.debug_aranges</name>
         <load_address>0x108</load_address>
         <run_address>0x108</run_address>
         <size>0x28</size>
         <input_file_ref idref="fl-be"/>
      </object_component>
      <object_component id="oc-44">
         <name>.debug_aranges</name>
         <load_address>0x130</load_address>
         <run_address>0x130</run_address>
         <size>0x20</size>
         <input_file_ref idref="fl-bf"/>
      </object_component>
      <object_component id="oc-1d">
         <name>.debug_aranges</name>
         <load_address>0x150</load_address>
         <run_address>0x150</run_address>
         <size>0x20</size>
         <input_file_ref idref="fl-c0"/>
      </object_component>
      <object_component id="oc-17">
         <name>.debug_aranges</name>
         <load_address>0x170</load_address>
         <run_address>0x170</run_address>
         <size>0x20</size>
         <input_file_ref idref="fl-c1"/>
      </object_component>
      <object_component id="oc-54">
         <name>.debug_aranges</name>
         <load_address>0x190</load_address>
         <run_address>0x190</run_address>
         <size>0x20</size>
         <input_file_ref idref="fl-c2"/>
      </object_component>
      <object_component id="oc-d5">
         <name>.debug_aranges</name>
         <load_address>0x1b0</load_address>
         <run_address>0x1b0</run_address>
         <size>0x20</size>
         <input_file_ref idref="fl-c3"/>
      </object_component>
      <object_component id="oc-36">
         <name>.debug_aranges</name>
         <load_address>0x1d0</load_address>
         <run_address>0x1d0</run_address>
         <size>0x20</size>
         <input_file_ref idref="fl-c6"/>
      </object_component>
      <object_component id="oc-e1">
         <name>.debug_aranges</name>
         <load_address>0x1f0</load_address>
         <run_address>0x1f0</run_address>
         <size>0x20</size>
         <input_file_ref idref="fl-c7"/>
      </object_component>
      <object_component id="oc-94">
         <name>.debug_aranges</name>
         <load_address>0x210</load_address>
         <run_address>0x210</run_address>
         <size>0x20</size>
         <input_file_ref idref="fl-c8"/>
      </object_component>
      <object_component id="oc-ae">
         <name>.debug_pubnames</name>
         <load_address>0x0</load_address>
         <run_address>0x0</run_address>
         <size>0x3d</size>
         <input_file_ref idref="fl-2"/>
      </object_component>
      <object_component id="oc-ab">
         <name>.debug_pubnames</name>
         <load_address>0x3d</load_address>
         <run_address>0x3d</run_address>
         <size>0x2c</size>
         <input_file_ref idref="fl-2"/>
      </object_component>
      <object_component id="oc-b4">
         <name>.debug_pubnames</name>
         <load_address>0x69</load_address>
         <run_address>0x69</run_address>
         <size>0x21</size>
         <input_file_ref idref="fl-2"/>
      </object_component>
      <object_component id="oc-6c">
         <name>.debug_pubnames</name>
         <load_address>0x8a</load_address>
         <run_address>0x8a</run_address>
         <size>0x158</size>
         <input_file_ref idref="fl-2"/>
      </object_component>
      <object_component id="oc-25">
         <name>.debug_pubnames</name>
         <load_address>0x1e2</load_address>
         <run_address>0x1e2</run_address>
         <size>0x27</size>
         <input_file_ref idref="fl-3"/>
      </object_component>
      <object_component id="oc-67">
         <name>.debug_pubnames</name>
         <load_address>0x209</load_address>
         <run_address>0x209</run_address>
         <size>0x38</size>
         <input_file_ref idref="fl-3"/>
      </object_component>
      <object_component id="oc-112">
         <name>.debug_pubnames</name>
         <load_address>0x241</load_address>
         <run_address>0x241</run_address>
         <size>0x26</size>
         <input_file_ref idref="fl-4"/>
      </object_component>
      <object_component id="oc-a4">
         <name>.debug_pubnames</name>
         <load_address>0x267</load_address>
         <run_address>0x267</run_address>
         <size>0x3b</size>
         <input_file_ref idref="fl-4"/>
      </object_component>
      <object_component id="oc-8c">
         <name>.debug_pubnames</name>
         <load_address>0x2a2</load_address>
         <run_address>0x2a2</run_address>
         <size>0x37</size>
         <input_file_ref idref="fl-be"/>
      </object_component>
      <object_component id="oc-43">
         <name>.debug_pubnames</name>
         <load_address>0x2d9</load_address>
         <run_address>0x2d9</run_address>
         <size>0x2e</size>
         <input_file_ref idref="fl-bf"/>
      </object_component>
      <object_component id="oc-1f">
         <name>.debug_pubnames</name>
         <load_address>0x307</load_address>
         <run_address>0x307</run_address>
         <size>0x2b</size>
         <input_file_ref idref="fl-c0"/>
      </object_component>
      <object_component id="oc-18">
         <name>.debug_pubnames</name>
         <load_address>0x332</load_address>
         <run_address>0x332</run_address>
         <size>0x2b</size>
         <input_file_ref idref="fl-c1"/>
      </object_component>
      <object_component id="oc-28">
         <name>.debug_pubnames</name>
         <load_address>0x35d</load_address>
         <run_address>0x35d</run_address>
         <size>0x1e</size>
         <input_file_ref idref="fl-c2"/>
      </object_component>
      <object_component id="oc-55">
         <name>.debug_pubnames</name>
         <load_address>0x37b</load_address>
         <run_address>0x37b</run_address>
         <size>0x26</size>
         <input_file_ref idref="fl-c2"/>
      </object_component>
      <object_component id="oc-d7">
         <name>.debug_pubnames</name>
         <load_address>0x3a1</load_address>
         <run_address>0x3a1</run_address>
         <size>0x1c</size>
         <input_file_ref idref="fl-c3"/>
      </object_component>
      <object_component id="oc-37">
         <name>.debug_pubnames</name>
         <load_address>0x3bd</load_address>
         <run_address>0x3bd</run_address>
         <size>0x1d</size>
         <input_file_ref idref="fl-c6"/>
      </object_component>
      <object_component id="oc-e2">
         <name>.debug_pubnames</name>
         <load_address>0x3da</load_address>
         <run_address>0x3da</run_address>
         <size>0x35</size>
         <input_file_ref idref="fl-c7"/>
      </object_component>
      <object_component id="oc-95">
         <name>.debug_pubnames</name>
         <load_address>0x40f</load_address>
         <run_address>0x40f</run_address>
         <size>0x27</size>
         <input_file_ref idref="fl-c8"/>
      </object_component>
      <object_component id="oc-119">
         <name>.debug_pubtypes</name>
         <load_address>0x0</load_address>
         <run_address>0x0</run_address>
         <size>0x2ce</size>
         <input_file_ref idref="fl-2"/>
      </object_component>
      <object_component id="oc-11e">
         <name>.debug_pubtypes</name>
         <load_address>0x2ce</load_address>
         <run_address>0x2ce</run_address>
         <size>0xdd</size>
         <input_file_ref idref="fl-2"/>
      </object_component>
      <object_component id="oc-be">
         <name>.debug_pubtypes</name>
         <load_address>0x3ab</load_address>
         <run_address>0x3ab</run_address>
         <size>0x25c</size>
         <input_file_ref idref="fl-2"/>
      </object_component>
      <object_component id="oc-30">
         <name>.debug_pubtypes</name>
         <load_address>0x607</load_address>
         <run_address>0x607</run_address>
         <size>0xed</size>
         <input_file_ref idref="fl-2"/>
      </object_component>
      <object_component id="oc-125">
         <name>.debug_pubtypes</name>
         <load_address>0x6f4</load_address>
         <run_address>0x6f4</run_address>
         <size>0x325</size>
         <input_file_ref idref="fl-2"/>
      </object_component>
      <object_component id="oc-b7">
         <name>.debug_pubtypes</name>
         <load_address>0xa19</load_address>
         <run_address>0xa19</run_address>
         <size>0xaa</size>
         <input_file_ref idref="fl-2"/>
      </object_component>
      <object_component id="oc-85">
         <name>.debug_pubtypes</name>
         <load_address>0xac3</load_address>
         <run_address>0xac3</run_address>
         <size>0x48</size>
         <input_file_ref idref="fl-bf"/>
      </object_component>
      <object_component id="oc-ca">
         <name>.debug_pubtypes</name>
         <load_address>0xb0b</load_address>
         <run_address>0xb0b</run_address>
         <size>0x1d</size>
         <input_file_ref idref="fl-bf"/>
      </object_component>
      <object_component id="oc-3b">
         <name>.debug_pubtypes</name>
         <load_address>0xb28</load_address>
         <run_address>0xb28</run_address>
         <size>0x48</size>
         <input_file_ref idref="fl-c0"/>
      </object_component>
      <object_component id="oc-7d">
         <name>.debug_pubtypes</name>
         <load_address>0xb70</load_address>
         <run_address>0xb70</run_address>
         <size>0x1d</size>
         <input_file_ref idref="fl-c0"/>
      </object_component>
      <object_component id="oc-2b">
         <name>.debug_pubtypes</name>
         <load_address>0xb8d</load_address>
         <run_address>0xb8d</run_address>
         <size>0x5d</size>
         <input_file_ref idref="fl-c1"/>
      </object_component>
      <object_component id="oc-c3">
         <name>.debug_pubtypes</name>
         <load_address>0xbea</load_address>
         <run_address>0xbea</run_address>
         <size>0x48</size>
         <input_file_ref idref="fl-c1"/>
      </object_component>
      <object_component id="oc-76">
         <name>.debug_pubtypes</name>
         <load_address>0xc32</load_address>
         <run_address>0xc32</run_address>
         <size>0x35</size>
         <input_file_ref idref="fl-c1"/>
      </object_component>
      <object_component id="oc-15c">
         <name>.debug_pubtypes</name>
         <load_address>0xc67</load_address>
         <run_address>0xc67</run_address>
         <size>0x32</size>
         <input_file_ref idref="fl-c7"/>
      </object_component>
      <object_component id="oc-170">
         <name>.debug_pubtypes</name>
         <load_address>0xc99</load_address>
         <run_address>0xc99</run_address>
         <size>0x30</size>
         <input_file_ref idref="fl-c7"/>
      </object_component>
      <object_component id="oc-161">
         <name>.debug_pubtypes</name>
         <load_address>0xcc9</load_address>
         <run_address>0xcc9</run_address>
         <size>0x2c</size>
         <input_file_ref idref="fl-c7"/>
      </object_component>
      <object_component id="oc-166">
         <name>.debug_pubtypes</name>
         <load_address>0xcf5</load_address>
         <run_address>0xcf5</run_address>
         <size>0x50</size>
         <input_file_ref idref="fl-c7"/>
      </object_component>
   </object_component_list>
   <logical_group_list>
      <logical_group id="lg-3" display="no" color="cyan">
         <name>.intvecs</name>
         <load_address>0x0</load_address>
         <run_address>0x0</run_address>
         <size>0xe4</size>
         <contents>
            <object_component_ref idref="oc-23"/>
         </contents>
      </logical_group>
      <logical_group id="lg-4" display="no" color="cyan">
         <name>.text</name>
         <load_address>0xe4</load_address>
         <run_address>0xe4</run_address>
         <size>0xd3a</size>
         <contents>
            <object_component_ref idref="oc-6a"/>
            <object_component_ref idref="oc-a2"/>
            <object_component_ref idref="oc-34"/>
            <object_component_ref idref="oc-8a"/>
            <object_component_ref idref="oc-14"/>
            <object_component_ref idref="oc-de"/>
            <object_component_ref idref="oc-52"/>
            <object_component_ref idref="oc-40"/>
            <object_component_ref idref="oc-1a"/>
            <object_component_ref idref="oc-64"/>
            <object_component_ref idref="oc-90"/>
            <object_component_ref idref="oc-d2"/>
         </contents>
      </logical_group>
      <logical_group id="lg-5" display="no" color="cyan">
         <name>.const</name>
         <load_address>0xe1e</load_address>
         <run_address>0xe1e</run_address>
         <size>0x90</size>
         <contents>
            <object_component_ref idref="oc-b2"/>
         </contents>
      </logical_group>
      <logical_group id="lg-6" display="no" color="cyan">
         <name>.cinit</name>
         <load_address>0xeb0</load_address>
         <run_address>0xeb0</run_address>
         <size>0x30</size>
         <contents>
            <object_component_ref idref="oc-1a8"/>
            <object_component_ref idref="oc-1aa"/>
            <object_component_ref idref="oc-1ab"/>
            <object_component_ref idref="oc-1a9"/>
         </contents>
      </logical_group>
      <logical_group id="lg-7" display="no" color="cyan">
         <name>.pinit</name>
         <run_address>0x0</run_address>
         <size>0x0</size>
         <contents>
         </contents>
      </logical_group>
      <logical_group id="lg-8" display="no" color="cyan">
         <name>.init_array</name>
         <run_address>0x0</run_address>
         <size>0x0</size>
         <contents>
         </contents>
      </logical_group>
      <logical_group id="lg-9" display="no" color="cyan">
         <name>.binit</name>
         <load_address>0x0</load_address>
         <run_address>0x0</run_address>
         <size>0x0</size>
         <contents>
            <object_component_ref idref="oc-17d"/>
         </contents>
      </logical_group>
      <logical_group id="lg-a" display="no" color="cyan">
         <name>.flashMailbox</name>
         <run_address>0x0</run_address>
         <size>0x0</size>
         <contents>
         </contents>
      </logical_group>
      <logical_group id="lg-b" display="no" color="cyan">
         <name>.tlvTable</name>
         <run_address>0x0</run_address>
         <size>0x0</size>
         <contents>
         </contents>
      </logical_group>
      <logical_group id="lg-c" display="no" color="cyan">
         <name>.bslArea</name>
         <run_address>0x0</run_address>
         <size>0x0</size>
         <contents>
         </contents>
      </logical_group>
      <logical_group id="lg-d" display="no" color="cyan">
         <name>.vtable</name>
         <run_address>0x0</run_address>
         <size>0x0</size>
         <contents>
         </contents>
      </logical_group>
      <logical_group id="lg-e" display="no" color="cyan">
         <name>.data</name>
         <run_address>0x20000000</run_address>
         <size>0x10</size>
         <contents>
            <object_component_ref idref="oc-a9"/>
            <object_component_ref idref="oc-110"/>
         </contents>
      </logical_group>
      <logical_group id="lg-f" display="no" color="cyan">
         <name>.bss</name>
         <run_address>0x20000010</run_address>
         <size>0xd</size>
         <contents>
            <object_component_ref idref="oc-ac"/>
            <object_component_ref idref="oc-af"/>
            <object_component_ref idref="oc-b1"/>
            <object_component_ref idref="oc-b0"/>
         </contents>
      </logical_group>
      <logical_group id="lg-10" display="no" color="cyan">
         <name>.sysmem</name>
         <run_address>0x0</run_address>
         <size>0x0</size>
         <contents>
         </contents>
      </logical_group>
      <logical_group id="lg-11" display="no" color="cyan">
         <name>.stack</name>
         <run_address>0x2000fe00</run_address>
         <size>0x200</size>
         <contents>
            <object_component_ref idref="oc-26"/>
            <object_component_ref idref="oc-1ac"/>
         </contents>
      </logical_group>
      <logical_group id="lg-12" display="no" color="cyan">
         <name>.TI.ramfunc</name>
         <run_address>0x0</run_address>
         <size>0x0</size>
         <contents>
         </contents>
      </logical_group>
      <logical_group id="lg-17b" display="no" color="cyan">
         <name>.TI.noinit</name>
         <run_address>0x0</run_address>
         <size>0x0</size>
         <contents>
         </contents>
      </logical_group>
      <logical_group id="lg-17c" display="no" color="cyan">
         <name>.TI.persistent</name>
         <run_address>0x0</run_address>
         <size>0x0</size>
         <contents>
         </contents>
      </logical_group>
      <logical_group id="lg-190" display="never" color="cyan">
         <name>.debug_info</name>
         <load_address>0x0</load_address>
         <run_address>0x0</run_address>
         <size>0x8cab</size>
         <contents>
            <object_component_ref idref="oc-ad"/>
            <object_component_ref idref="oc-aa"/>
            <object_component_ref idref="oc-b3"/>
            <object_component_ref idref="oc-6b"/>
            <object_component_ref idref="oc-118"/>
            <object_component_ref idref="oc-11d"/>
            <object_component_ref idref="oc-bd"/>
            <object_component_ref idref="oc-2f"/>
            <object_component_ref idref="oc-124"/>
            <object_component_ref idref="oc-b6"/>
            <object_component_ref idref="oc-72"/>
            <object_component_ref idref="oc-24"/>
            <object_component_ref idref="oc-65"/>
            <object_component_ref idref="oc-111"/>
            <object_component_ref idref="oc-a3"/>
            <object_component_ref idref="oc-8b"/>
            <object_component_ref idref="oc-89"/>
            <object_component_ref idref="oc-42"/>
            <object_component_ref idref="oc-84"/>
            <object_component_ref idref="oc-c9"/>
            <object_component_ref idref="oc-3f"/>
            <object_component_ref idref="oc-1e"/>
            <object_component_ref idref="oc-3a"/>
            <object_component_ref idref="oc-7c"/>
            <object_component_ref idref="oc-7a"/>
            <object_component_ref idref="oc-16"/>
            <object_component_ref idref="oc-2a"/>
            <object_component_ref idref="oc-c2"/>
            <object_component_ref idref="oc-75"/>
            <object_component_ref idref="oc-27"/>
            <object_component_ref idref="oc-53"/>
            <object_component_ref idref="oc-d6"/>
            <object_component_ref idref="oc-35"/>
            <object_component_ref idref="oc-134"/>
            <object_component_ref idref="oc-e0"/>
            <object_component_ref idref="oc-15b"/>
            <object_component_ref idref="oc-16f"/>
            <object_component_ref idref="oc-160"/>
            <object_component_ref idref="oc-165"/>
            <object_component_ref idref="oc-93"/>
            <object_component_ref idref="oc-1ad"/>
         </contents>
      </logical_group>
      <logical_group id="lg-192" display="never" color="cyan">
         <name>.debug_line</name>
         <load_address>0x0</load_address>
         <run_address>0x0</run_address>
         <size>0x135a</size>
         <contents>
            <object_component_ref idref="oc-117"/>
            <object_component_ref idref="oc-115"/>
            <object_component_ref idref="oc-123"/>
            <object_component_ref idref="oc-6e"/>
            <object_component_ref idref="oc-11b"/>
            <object_component_ref idref="oc-120"/>
            <object_component_ref idref="oc-c0"/>
            <object_component_ref idref="oc-32"/>
            <object_component_ref idref="oc-127"/>
            <object_component_ref idref="oc-b9"/>
            <object_component_ref idref="oc-bc"/>
            <object_component_ref idref="oc-71"/>
            <object_component_ref idref="oc-68"/>
            <object_component_ref idref="oc-14a"/>
            <object_component_ref idref="oc-a7"/>
            <object_component_ref idref="oc-8e"/>
            <object_component_ref idref="oc-cf"/>
            <object_component_ref idref="oc-41"/>
            <object_component_ref idref="oc-87"/>
            <object_component_ref idref="oc-cc"/>
            <object_component_ref idref="oc-82"/>
            <object_component_ref idref="oc-1c"/>
            <object_component_ref idref="oc-3d"/>
            <object_component_ref idref="oc-7f"/>
            <object_component_ref idref="oc-c8"/>
            <object_component_ref idref="oc-15"/>
            <object_component_ref idref="oc-2d"/>
            <object_component_ref idref="oc-c5"/>
            <object_component_ref idref="oc-78"/>
            <object_component_ref idref="oc-74"/>
            <object_component_ref idref="oc-56"/>
            <object_component_ref idref="oc-d4"/>
            <object_component_ref idref="oc-38"/>
            <object_component_ref idref="oc-15a"/>
            <object_component_ref idref="oc-df"/>
            <object_component_ref idref="oc-15e"/>
            <object_component_ref idref="oc-172"/>
            <object_component_ref idref="oc-163"/>
            <object_component_ref idref="oc-168"/>
            <object_component_ref idref="oc-91"/>
         </contents>
      </logical_group>
      <logical_group id="lg-194" display="never" color="cyan">
         <name>.debug_frame</name>
         <load_address>0x0</load_address>
         <run_address>0x0</run_address>
         <size>0x558</size>
         <contents>
            <object_component_ref idref="oc-6f"/>
            <object_component_ref idref="oc-69"/>
            <object_component_ref idref="oc-a6"/>
            <object_component_ref idref="oc-45"/>
            <object_component_ref idref="oc-1b"/>
            <object_component_ref idref="oc-19"/>
            <object_component_ref idref="oc-57"/>
            <object_component_ref idref="oc-d3"/>
            <object_component_ref idref="oc-e3"/>
            <object_component_ref idref="oc-92"/>
         </contents>
      </logical_group>
      <logical_group id="lg-196" display="never" color="cyan">
         <name>.debug_abbrev</name>
         <load_address>0x0</load_address>
         <run_address>0x0</run_address>
         <size>0xd5d</size>
         <contents>
            <object_component_ref idref="oc-116"/>
            <object_component_ref idref="oc-114"/>
            <object_component_ref idref="oc-122"/>
            <object_component_ref idref="oc-b5"/>
            <object_component_ref idref="oc-11a"/>
            <object_component_ref idref="oc-11f"/>
            <object_component_ref idref="oc-bf"/>
            <object_component_ref idref="oc-31"/>
            <object_component_ref idref="oc-126"/>
            <object_component_ref idref="oc-b8"/>
            <object_component_ref idref="oc-bb"/>
            <object_component_ref idref="oc-70"/>
            <object_component_ref idref="oc-a8"/>
            <object_component_ref idref="oc-149"/>
            <object_component_ref idref="oc-113"/>
            <object_component_ref idref="oc-d0"/>
            <object_component_ref idref="oc-ce"/>
            <object_component_ref idref="oc-83"/>
            <object_component_ref idref="oc-86"/>
            <object_component_ref idref="oc-cb"/>
            <object_component_ref idref="oc-81"/>
            <object_component_ref idref="oc-39"/>
            <object_component_ref idref="oc-3c"/>
            <object_component_ref idref="oc-7e"/>
            <object_component_ref idref="oc-c7"/>
            <object_component_ref idref="oc-29"/>
            <object_component_ref idref="oc-2c"/>
            <object_component_ref idref="oc-c4"/>
            <object_component_ref idref="oc-77"/>
            <object_component_ref idref="oc-73"/>
            <object_component_ref idref="oc-99"/>
            <object_component_ref idref="oc-129"/>
            <object_component_ref idref="oc-7b"/>
            <object_component_ref idref="oc-159"/>
            <object_component_ref idref="oc-133"/>
            <object_component_ref idref="oc-15d"/>
            <object_component_ref idref="oc-171"/>
            <object_component_ref idref="oc-162"/>
            <object_component_ref idref="oc-167"/>
            <object_component_ref idref="oc-d1"/>
            <object_component_ref idref="oc-1ae"/>
         </contents>
      </logical_group>
      <logical_group id="lg-198" display="never" color="cyan">
         <name>.debug_str</name>
         <load_address>0x0</load_address>
         <run_address>0x0</run_address>
         <size>0x2fdf</size>
         <contents>
            <object_component_ref idref="oc-11c"/>
            <object_component_ref idref="oc-121"/>
            <object_component_ref idref="oc-c1"/>
            <object_component_ref idref="oc-33"/>
            <object_component_ref idref="oc-128"/>
            <object_component_ref idref="oc-ba"/>
            <object_component_ref idref="oc-88"/>
            <object_component_ref idref="oc-cd"/>
            <object_component_ref idref="oc-3e"/>
            <object_component_ref idref="oc-80"/>
            <object_component_ref idref="oc-2e"/>
            <object_component_ref idref="oc-c6"/>
            <object_component_ref idref="oc-79"/>
            <object_component_ref idref="oc-15f"/>
            <object_component_ref idref="oc-173"/>
            <object_component_ref idref="oc-164"/>
            <object_component_ref idref="oc-169"/>
         </contents>
      </logical_group>
      <logical_group id="lg-19a" display="never" color="cyan">
         <name>.debug_aranges</name>
         <load_address>0x0</load_address>
         <run_address>0x0</run_address>
         <size>0x230</size>
         <contents>
            <object_component_ref idref="oc-6d"/>
            <object_component_ref idref="oc-66"/>
            <object_component_ref idref="oc-a5"/>
            <object_component_ref idref="oc-8d"/>
            <object_component_ref idref="oc-44"/>
            <object_component_ref idref="oc-1d"/>
            <object_component_ref idref="oc-17"/>
            <object_component_ref idref="oc-54"/>
            <object_component_ref idref="oc-d5"/>
            <object_component_ref idref="oc-36"/>
            <object_component_ref idref="oc-e1"/>
            <object_component_ref idref="oc-94"/>
         </contents>
      </logical_group>
      <logical_group id="lg-19c" display="never" color="cyan">
         <name>.debug_pubnames</name>
         <load_address>0x0</load_address>
         <run_address>0x0</run_address>
         <size>0x436</size>
         <contents>
            <object_component_ref idref="oc-ae"/>
            <object_component_ref idref="oc-ab"/>
            <object_component_ref idref="oc-b4"/>
            <object_component_ref idref="oc-6c"/>
            <object_component_ref idref="oc-25"/>
            <object_component_ref idref="oc-67"/>
            <object_component_ref idref="oc-112"/>
            <object_component_ref idref="oc-a4"/>
            <object_component_ref idref="oc-8c"/>
            <object_component_ref idref="oc-43"/>
            <object_component_ref idref="oc-1f"/>
            <object_component_ref idref="oc-18"/>
            <object_component_ref idref="oc-28"/>
            <object_component_ref idref="oc-55"/>
            <object_component_ref idref="oc-d7"/>
            <object_component_ref idref="oc-37"/>
            <object_component_ref idref="oc-e2"/>
            <object_component_ref idref="oc-95"/>
         </contents>
      </logical_group>
      <logical_group id="lg-19e" display="never" color="cyan">
         <name>.debug_pubtypes</name>
         <load_address>0x0</load_address>
         <run_address>0x0</run_address>
         <size>0xd45</size>
         <contents>
            <object_component_ref idref="oc-119"/>
            <object_component_ref idref="oc-11e"/>
            <object_component_ref idref="oc-be"/>
            <object_component_ref idref="oc-30"/>
            <object_component_ref idref="oc-125"/>
            <object_component_ref idref="oc-b7"/>
            <object_component_ref idref="oc-85"/>
            <object_component_ref idref="oc-ca"/>
            <object_component_ref idref="oc-3b"/>
            <object_component_ref idref="oc-7d"/>
            <object_component_ref idref="oc-2b"/>
            <object_component_ref idref="oc-c3"/>
            <object_component_ref idref="oc-76"/>
            <object_component_ref idref="oc-15c"/>
            <object_component_ref idref="oc-170"/>
            <object_component_ref idref="oc-161"/>
            <object_component_ref idref="oc-166"/>
         </contents>
      </logical_group>
      <load_segment id="lg-1b1" display="no" color="cyan">
         <name>SEGMENT_0</name>
         <load_address>0x0</load_address>
         <run_address>0x0</run_address>
         <size>0xee0</size>
         <flags>0x5</flags>
         <contents>
            <logical_group_ref idref="lg-3"/>
            <logical_group_ref idref="lg-4"/>
            <logical_group_ref idref="lg-5"/>
            <logical_group_ref idref="lg-6"/>
         </contents>
      </load_segment>
      <load_segment id="lg-1b2" display="no" color="cyan">
         <name>SEGMENT_1</name>
         <run_address>0x20000000</run_address>
         <size>0x1d</size>
         <flags>0x6</flags>
         <contents>
            <logical_group_ref idref="lg-e"/>
            <logical_group_ref idref="lg-f"/>
         </contents>
      </load_segment>
      <load_segment id="lg-1b3" display="no" color="cyan">
         <name>SEGMENT_2</name>
         <run_address>0x2000fe00</run_address>
         <size>0x200</size>
         <flags>0x6</flags>
         <contents>
            <logical_group_ref idref="lg-11"/>
         </contents>
      </load_segment>
   </logical_group_list>
   <placement_map>
      <memory_area display="yes" color="green">
         <name>MAIN</name>
         <page_id>0x0</page_id>
         <origin>0x0</origin>
         <length>0x40000</length>
         <used_space>0xede</used_space>
         <unused_space>0x3f122</unused_space>
         <attributes>RX</attributes>
         <usage_details>
            <allocated_space>
               <start_address>0x0</start_address>
               <size>0x0</size>
               <logical_group_ref idref="lg-9"/>
            </allocated_space>
            <allocated_space>
               <start_address>0x0</start_address>
               <size>0xe4</size>
               <logical_group_ref idref="lg-3"/>
            </allocated_space>
            <allocated_space>
               <start_address>0xe4</start_address>
               <size>0xd3a</size>
               <logical_group_ref idref="lg-4"/>
            </allocated_space>
            <allocated_space>
               <start_address>0xe1e</start_address>
               <size>0x90</size>
               <logical_group_ref idref="lg-5"/>
            </allocated_space>
            <available_space>
               <start_address>0xeae</start_address>
               <size>0x2</size>
            </available_space>
            <allocated_space>
               <start_address>0xeb0</start_address>
               <size>0x30</size>
               <logical_group_ref idref="lg-6"/>
            </allocated_space>
            <available_space>
               <start_address>0xee0</start_address>
               <size>0x3f120</size>
            </available_space>
         </usage_details>
      </memory_area>
      <memory_area display="yes" color="green">
         <name>INFO</name>
         <page_id>0x0</page_id>
         <origin>0x200000</origin>
         <length>0x4000</length>
         <used_space>0x0</used_space>
         <unused_space>0x4000</unused_space>
         <attributes>RX</attributes>
         <usage_details>
         </usage_details>
      </memory_area>
      <memory_area display="yes" color="green">
         <name>SRAM_CODE</name>
         <page_id>0x0</page_id>
         <origin>0x1000000</origin>
         <length>0x10000</length>
         <used_space>0x21d</used_space>
         <unused_space>0xfde3</unused_space>
         <attributes>RWX</attributes>
         <usage_details>
            <allocated_space>
               <start_address>0x1000000</start_address>
               <size>0x10</size>
               <logical_group_ref idref="lg-e"/>
            </allocated_space>
            <allocated_space>
               <start_address>0x1000010</start_address>
               <size>0xd</size>
               <logical_group_ref idref="lg-f"/>
            </allocated_space>
            <available_space>
               <start_address>0x100001d</start_address>
               <size>0xfde3</size>
            </available_space>
            <allocated_space>
               <start_address>0x100fe00</start_address>
               <size>0x200</size>
               <logical_group_ref idref="lg-11"/>
            </allocated_space>
         </usage_details>
      </memory_area>
      <memory_area display="yes" color="green">
         <name>SRAM_DATA</name>
         <page_id>0x0</page_id>
         <origin>0x20000000</origin>
         <length>0x10000</length>
         <used_space>0x21d</used_space>
         <unused_space>0xfde3</unused_space>
         <attributes>RW</attributes>
         <usage_details>
            <allocated_space>
               <start_address>0x20000000</start_address>
               <size>0x10</size>
               <logical_group_ref idref="lg-e"/>
            </allocated_space>
            <allocated_space>
               <start_address>0x20000010</start_address>
               <size>0xd</size>
               <logical_group_ref idref="lg-f"/>
            </allocated_space>
            <available_space>
               <start_address>0x2000001d</start_address>
               <size>0xfde3</size>
            </available_space>
            <allocated_space>
               <start_address>0x2000fe00</start_address>
               <size>0x200</size>
               <logical_group_ref idref="lg-11"/>
            </allocated_space>
         </usage_details>
      </memory_area>
   </placement_map>
   <cptbl_list>
      <cptbl>
         <name>__TI_cinit_table</name>
         <cprec>
            <name>.data</name>
            <load_address>0xebc</load_address>
            <load_size>0xb</load_size>
            <run_address>0x20000000</run_address>
            <run_size>0x10</run_size>
            <compression>lzss</compression>
         </cprec>
         <cprec>
            <name>.bss</name>
            <load_address>0xec8</load_address>
            <load_size>0x8</load_size>
            <run_address>0x20000010</run_address>
            <run_size>0xd</run_size>
            <compression>zero_init</compression>
         </cprec>
      </cptbl>
   </cptbl_list>
   <handler_table>
      <handler_table_name>__TI_handler_table</handler_table_name>
      <handler>
         <index>0x0</index>
         <name>__TI_decompress_lzss</name>
      </handler>
      <handler>
         <index>0x1</index>
         <name>__TI_decompress_none</name>
      </handler>
      <handler>
         <index>0x2</index>
         <name>__TI_zero_init</name>
      </handler>
   </handler_table>
   <symbol_table>
      <symbol id="sm-1">
         <name>WDTCTL_SYM</name>
         <value>0x4000480c</value>
      </symbol>
      <symbol id="sm-2">
         <name>__TI_CINIT_Base</name>
         <value>0xed0</value>
      </symbol>
      <symbol id="sm-3">
         <name>__TI_CINIT_Limit</name>
         <value>0xee0</value>
      </symbol>
      <symbol id="sm-4">
         <name>__TI_Handler_Table_Base</name>
         <value>0xeb0</value>
      </symbol>
      <symbol id="sm-5">
         <name>__TI_Handler_Table_Limit</name>
         <value>0xebc</value>
      </symbol>
      <symbol id="sm-6">
         <name>binit</name>
         <value>0xffffffff</value>
      </symbol>
      <symbol id="sm-7">
         <name>__binit__</name>
         <value>0xffffffff</value>
      </symbol>
      <symbol id="sm-8">
         <name>__STACK_SIZE</name>
         <value>0x200</value>
      </symbol>
      <symbol id="sm-9">
         <name>__STACK_END</name>
         <value>0x20010000</value>
      </symbol>
      <symbol id="sm-a">
         <name>__c_args__</name>
         <value>0xffffffff</value>
      </symbol>
      <symbol id="sm-b">
         <name>__TI_pprof_out_hndl</name>
         <value>0xffffffff</value>
      </symbol>
      <symbol id="sm-c">
         <name>__TI_prof_data_start</name>
         <value>0xffffffff</value>
      </symbol>
      <symbol id="sm-d">
         <name>__TI_prof_data_size</name>
         <value>0xffffffff</value>
      </symbol>
      <symbol id="sm-d1">
         <name>timeout</name>
         <value>0x2000001c</value>
      </symbol>
      <symbol id="sm-d2">
         <name>Packet</name>
         <value>0x20000010</value>
      </symbol>
      <symbol id="sm-d3">
         <name>tempc</name>
         <value>0x2000001a</value>
      </symbol>
      <symbol id="sm-d4">
         <name>humid</name>
         <value>0x20000018</value>
      </symbol>
      <symbol id="sm-d5">
         <name>start_signal</name>
         <value>0x4d1</value>
         <object_component_ref idref="oc-6a"/>
      </symbol>
      <symbol id="sm-d6">
         <name>GLCD_setCursor</name>
         <value>0x723</value>
         <object_component_ref idref="oc-6a"/>
      </symbol>
      <symbol id="sm-d7">
         <name>GLCD_data_write</name>
         <value>0x7ab</value>
         <object_component_ref idref="oc-6a"/>
      </symbol>
      <symbol id="sm-d8">
         <name>initTime2</name>
         <value>0x6d5</value>
         <object_component_ref idref="oc-6a"/>
      </symbol>
      <symbol id="sm-d9">
         <name>initTime1</name>
         <value>0x6a7</value>
         <object_component_ref idref="oc-6a"/>
      </symbol>
      <symbol id="sm-da">
         <name>read_Packet</name>
         <value>0x669</value>
         <object_component_ref idref="oc-6a"/>
      </symbol>
      <symbol id="sm-db">
         <name>read_Byte</name>
         <value>0x5a9</value>
         <object_component_ref idref="oc-6a"/>
      </symbol>
      <symbol id="sm-dc">
         <name>SPI_init</name>
         <value>0x7e9</value>
         <object_component_ref idref="oc-6a"/>
      </symbol>
      <symbol id="sm-dd">
         <name>SPI_write</name>
         <value>0x83b</value>
         <object_component_ref idref="oc-6a"/>
      </symbol>
      <symbol id="sm-de">
         <name>TA0_0_IRQHandler</name>
         <value>0xe5</value>
         <object_component_ref idref="oc-6a"/>
      </symbol>
      <symbol id="sm-df">
         <name>GLCD_putchar</name>
         <value>0x6f3</value>
         <object_component_ref idref="oc-6a"/>
      </symbol>
      <symbol id="sm-e0">
         <name>check_Checksum</name>
         <value>0x63f</value>
         <object_component_ref idref="oc-6a"/>
      </symbol>
      <symbol id="sm-e1">
         <name>font_table</name>
         <value>0xe1e</value>
         <object_component_ref idref="oc-b2"/>
      </symbol>
      <symbol id="sm-e2">
         <name>t2</name>
         <value>0x20000000</value>
         <object_component_ref idref="oc-a9"/>
      </symbol>
      <symbol id="sm-e3">
         <name>GLCD_clear</name>
         <value>0x749</value>
         <object_component_ref idref="oc-6a"/>
      </symbol>
      <symbol id="sm-e4">
         <name>ADC_init</name>
         <value>0x223</value>
         <object_component_ref idref="oc-6a"/>
      </symbol>
      <symbol id="sm-e5">
         <name>main</name>
         <value>0x10b</value>
         <object_component_ref idref="oc-6a"/>
      </symbol>
      <symbol id="sm-e6">
         <name>GLCD_init</name>
         <value>0x775</value>
         <object_component_ref idref="oc-6a"/>
      </symbol>
      <symbol id="sm-e7">
         <name>GLCD_command_write</name>
         <value>0x7c5</value>
         <object_component_ref idref="oc-6a"/>
      </symbol>
      <symbol id="sm-e8">
         <name>displayHT</name>
         <value>0x291</value>
         <object_component_ref idref="oc-6a"/>
      </symbol>
      <symbol id="sm-e9">
         <name>pass</name>
         <value>0x20000004</value>
         <object_component_ref idref="oc-a9"/>
      </symbol>
      <symbol id="sm-ea">
         <name>TA1_0_IRQHandler</name>
         <value>0xf9</value>
         <object_component_ref idref="oc-6a"/>
      </symbol>
      <symbol id="sm-eb">
         <name>light</name>
         <value>0x20000008</value>
         <object_component_ref idref="oc-a9"/>
      </symbol>
      <symbol id="sm-ec">
         <name>check_Response</name>
         <value>0x52d</value>
         <object_component_ref idref="oc-6a"/>
      </symbol>
      <symbol id="sm-101">
         <name>Reset_Handler</name>
         <value>0xe09</value>
         <object_component_ref idref="oc-64"/>
      </symbol>
      <symbol id="sm-102">
         <name>Default_Handler</name>
         <value>0xe15</value>
         <object_component_ref idref="oc-64"/>
      </symbol>
      <symbol id="sm-103">
         <name>interruptVectors</name>
         <value>0x0</value>
         <object_component_ref idref="oc-23"/>
      </symbol>
      <symbol id="sm-14b">
         <name>SystemInit</name>
         <value>0xb31</value>
         <object_component_ref idref="oc-a2"/>
      </symbol>
      <symbol id="sm-14c">
         <name>SystemCoreClockUpdate</name>
         <value>0x8b9</value>
         <object_component_ref idref="oc-a2"/>
      </symbol>
      <symbol id="sm-14d">
         <name>SystemCoreClock</name>
         <value>0x2000000c</value>
         <object_component_ref idref="oc-110"/>
      </symbol>
      <symbol id="sm-15c">
         <name>__aeabi_memset</name>
         <value>0xc8b</value>
         <object_component_ref idref="oc-8a"/>
      </symbol>
      <symbol id="sm-15d">
         <name>memset</name>
         <value>0xc91</value>
         <object_component_ref idref="oc-8a"/>
      </symbol>
      <symbol id="sm-15e">
         <name>__aeabi_memset8</name>
         <value>0xc8b</value>
         <object_component_ref idref="oc-8a"/>
      </symbol>
      <symbol id="sm-15f">
         <name>__aeabi_memset4</name>
         <value>0xc8b</value>
         <object_component_ref idref="oc-8a"/>
      </symbol>
      <symbol id="sm-160">
         <name>__aeabi_memclr8</name>
         <value>0xc89</value>
         <object_component_ref idref="oc-8a"/>
      </symbol>
      <symbol id="sm-161">
         <name>__aeabi_memclr4</name>
         <value>0xc89</value>
         <object_component_ref idref="oc-8a"/>
      </symbol>
      <symbol id="sm-162">
         <name>__aeabi_memclr</name>
         <value>0xc89</value>
         <object_component_ref idref="oc-8a"/>
      </symbol>
      <symbol id="sm-17b">
         <name>__TI_zero_init_nomemset</name>
         <value>0xde9</value>
         <object_component_ref idref="oc-40"/>
      </symbol>
      <symbol id="sm-192">
         <name>__TI_decompress_none</name>
         <value>0xdfb</value>
         <object_component_ref idref="oc-1a"/>
      </symbol>
      <symbol id="sm-1b5">
         <name>__TI_decompress_lzss</name>
         <value>0xd03</value>
         <object_component_ref idref="oc-14"/>
      </symbol>
      <symbol id="sm-1c8">
         <name>__stack</name>
         <value>0x2000fe00</value>
         <object_component_ref idref="oc-26"/>
      </symbol>
      <symbol id="sm-1c9">
         <name>_c_int00_noargs</name>
         <value>0xdb1</value>
         <object_component_ref idref="oc-52"/>
      </symbol>
      <symbol id="sm-1d4">
         <name>C$$EXIT</name>
         <value>0xe1b</value>
         <object_component_ref idref="oc-d2"/>
      </symbol>
      <symbol id="sm-1d5">
         <name>abort</name>
         <value>0xe1b</value>
         <object_component_ref idref="oc-d2"/>
      </symbol>
      <symbol id="sm-1f2">
         <name>memcpy</name>
         <value>0xbed</value>
         <object_component_ref idref="oc-34"/>
      </symbol>
      <symbol id="sm-1f3">
         <name>__aeabi_memcpy</name>
         <value>0xbed</value>
         <object_component_ref idref="oc-34"/>
      </symbol>
      <symbol id="sm-1f4">
         <name>__aeabi_memcpy8</name>
         <value>0xbed</value>
         <object_component_ref idref="oc-34"/>
      </symbol>
      <symbol id="sm-1f5">
         <name>__aeabi_memcpy4</name>
         <value>0xbed</value>
         <object_component_ref idref="oc-34"/>
      </symbol>
      <symbol id="sm-21d">
         <name>__TI_auto_init_nobinit_nopinit</name>
         <value>0xd6d</value>
         <object_component_ref idref="oc-de"/>
      </symbol>
      <symbol id="sm-227">
         <name>_system_pre_init</name>
         <value>0xe17</value>
         <object_component_ref idref="oc-90"/>
      </symbol>
      <symbol id="sm-229">
         <name>__TI_static_base__</name>
         <value>0x0</value>
      </symbol>
      <symbol id="sm-22c">
         <name>__mpu_init</name>
         <value>0x0</value>
      </symbol>
      <symbol id="sm-22d">
         <name>_system_post_cinit</name>
         <value>0x0</value>
      </symbol>
      <symbol id="sm-22e">
         <name>NMI_Handler</name>
         <value>0xe15</value>
      </symbol>
      <symbol id="sm-22f">
         <name>HardFault_Handler</name>
         <value>0xe15</value>
      </symbol>
      <symbol id="sm-230">
         <name>MemManage_Handler</name>
         <value>0xe15</value>
      </symbol>
      <symbol id="sm-231">
         <name>BusFault_Handler</name>
         <value>0xe15</value>
      </symbol>
      <symbol id="sm-232">
         <name>UsageFault_Handler</name>
         <value>0xe15</value>
      </symbol>
      <symbol id="sm-233">
         <name>SVC_Handler</name>
         <value>0xe15</value>
      </symbol>
      <symbol id="sm-234">
         <name>DebugMon_Handler</name>
         <value>0xe15</value>
      </symbol>
      <symbol id="sm-235">
         <name>PendSV_Handler</name>
         <value>0xe15</value>
      </symbol>
      <symbol id="sm-236">
         <name>SysTick_Handler</name>
         <value>0xe15</value>
      </symbol>
      <symbol id="sm-237">
         <name>PSS_IRQHandler</name>
         <value>0xe15</value>
      </symbol>
      <symbol id="sm-238">
         <name>CS_IRQHandler</name>
         <value>0xe15</value>
      </symbol>
      <symbol id="sm-239">
         <name>PCM_IRQHandler</name>
         <value>0xe15</value>
      </symbol>
      <symbol id="sm-23a">
         <name>WDT_A_IRQHandler</name>
         <value>0xe15</value>
      </symbol>
      <symbol id="sm-23b">
         <name>FPU_IRQHandler</name>
         <value>0xe15</value>
      </symbol>
      <symbol id="sm-23c">
         <name>FLCTL_IRQHandler</name>
         <value>0xe15</value>
      </symbol>
      <symbol id="sm-23d">
         <name>COMP_E0_IRQHandler</name>
         <value>0xe15</value>
      </symbol>
      <symbol id="sm-23e">
         <name>COMP_E1_IRQHandler</name>
         <value>0xe15</value>
      </symbol>
      <symbol id="sm-23f">
         <name>TA0_0_IRQHandler</name>
         <value>0xe5</value>
      </symbol>
      <symbol id="sm-240">
         <name>TA0_N_IRQHandler</name>
         <value>0xe15</value>
      </symbol>
      <symbol id="sm-241">
         <name>TA1_0_IRQHandler</name>
         <value>0xf9</value>
      </symbol>
      <symbol id="sm-242">
         <name>TA1_N_IRQHandler</name>
         <value>0xe15</value>
      </symbol>
      <symbol id="sm-243">
         <name>TA2_0_IRQHandler</name>
         <value>0xe15</value>
      </symbol>
      <symbol id="sm-244">
         <name>TA2_N_IRQHandler</name>
         <value>0xe15</value>
      </symbol>
      <symbol id="sm-245">
         <name>TA3_0_IRQHandler</name>
         <value>0xe15</value>
      </symbol>
      <symbol id="sm-246">
         <name>TA3_N_IRQHandler</name>
         <value>0xe15</value>
      </symbol>
      <symbol id="sm-247">
         <name>EUSCIA0_IRQHandler</name>
         <value>0xe15</value>
      </symbol>
      <symbol id="sm-248">
         <name>EUSCIA1_IRQHandler</name>
         <value>0xe15</value>
      </symbol>
      <symbol id="sm-249">
         <name>EUSCIA2_IRQHandler</name>
         <value>0xe15</value>
      </symbol>
      <symbol id="sm-24a">
         <name>EUSCIA3_IRQHandler</name>
         <value>0xe15</value>
      </symbol>
      <symbol id="sm-24b">
         <name>EUSCIB0_IRQHandler</name>
         <value>0xe15</value>
      </symbol>
      <symbol id="sm-24c">
         <name>EUSCIB1_IRQHandler</name>
         <value>0xe15</value>
      </symbol>
      <symbol id="sm-24d">
         <name>EUSCIB2_IRQHandler</name>
         <value>0xe15</value>
      </symbol>
      <symbol id="sm-24e">
         <name>EUSCIB3_IRQHandler</name>
         <value>0xe15</value>
      </symbol>
      <symbol id="sm-24f">
         <name>ADC14_IRQHandler</name>
         <value>0xe15</value>
      </symbol>
      <symbol id="sm-250">
         <name>T32_INT1_IRQHandler</name>
         <value>0xe15</value>
      </symbol>
      <symbol id="sm-251">
         <name>T32_INT2_IRQHandler</name>
         <value>0xe15</value>
      </symbol>
      <symbol id="sm-252">
         <name>T32_INTC_IRQHandler</name>
         <value>0xe15</value>
      </symbol>
      <symbol id="sm-253">
         <name>AES256_IRQHandler</name>
         <value>0xe15</value>
      </symbol>
      <symbol id="sm-254">
         <name>RTC_C_IRQHandler</name>
         <value>0xe15</value>
      </symbol>
      <symbol id="sm-255">
         <name>DMA_ERR_IRQHandler</name>
         <value>0xe15</value>
      </symbol>
      <symbol id="sm-256">
         <name>DMA_INT3_IRQHandler</name>
         <value>0xe15</value>
      </symbol>
      <symbol id="sm-257">
         <name>DMA_INT2_IRQHandler</name>
         <value>0xe15</value>
      </symbol>
      <symbol id="sm-258">
         <name>DMA_INT1_IRQHandler</name>
         <value>0xe15</value>
      </symbol>
      <symbol id="sm-259">
         <name>DMA_INT0_IRQHandler</name>
         <value>0xe15</value>
      </symbol>
      <symbol id="sm-25a">
         <name>PORT1_IRQHandler</name>
         <value>0xe15</value>
      </symbol>
      <symbol id="sm-25b">
         <name>PORT2_IRQHandler</name>
         <value>0xe15</value>
      </symbol>
      <symbol id="sm-25c">
         <name>PORT3_IRQHandler</name>
         <value>0xe15</value>
      </symbol>
      <symbol id="sm-25d">
         <name>PORT4_IRQHandler</name>
         <value>0xe15</value>
      </symbol>
      <symbol id="sm-25e">
         <name>PORT5_IRQHandler</name>
         <value>0xe15</value>
      </symbol>
      <symbol id="sm-25f">
         <name>PORT6_IRQHandler</name>
         <value>0xe15</value>
      </symbol>
   </symbol_table>
   <title>Link successful</title>
</link_info>
