******************************************************************************
                  TI ARM Linker PC v18.1.5                     
******************************************************************************
>> Linked Thu Apr  4 15:36:21 2019

OUTPUT FILE NAME:   <fprotemp.out>
ENTRY POINT SYMBOL: "_c_int00_noargs"  address: 00000d09


MEMORY CONFIGURATION

         name            origin    length      used     unused   attr    fill
----------------------  --------  ---------  --------  --------  ----  --------
  MAIN                  00000000   00040000  00000e00  0003f200  R  X
  INFO                  00200000   00004000  00000000  00004000  R  X
  SRAM_CODE             01000000   00010000  00000219  0000fde7  RW X
  SRAM_DATA             20000000   00010000  00000219  0000fde7  RW  


SEGMENT ALLOCATION MAP

run origin  load origin   length   init length attrs members
----------  ----------- ---------- ----------- ----- -------
00000000    00000000    00000e00   00000e00    r-x
  00000000    00000000    000000e4   000000e4    r-- .intvecs
  000000e4    000000e4    00000c92   00000c92    r-x .text
  00000d76    00000d76    0000005a   0000005a    r-- .const
  00000dd0    00000dd0    00000030   00000030    r-- .cinit
20000000    20000000    0000001c   00000000    rw-
  20000000    20000000    0000000d   00000000    rw- .bss
  20000010    20000010    0000000c   00000000    rw- .data
2000fe00    2000fe00    00000200   00000000    rw-
  2000fe00    2000fe00    00000200   00000000    rw- .stack


SECTION ALLOCATION MAP

 output                                  attributes/
section   page    origin      length       input sections
--------  ----  ----------  ----------   ----------------
.intvecs   0    00000000    000000e4     
                  00000000    000000e4     startup_msp432p401r_ccs.obj (.intvecs:retain)

.text      0    000000e4    00000c92     
                  000000e4    0000072c     main.obj (.text)
                  00000810    00000334     system_msp432p401r.obj (.text)
                  00000b44    0000009c     rtsv7M4_T_le_v4SPD16_eabi.lib : memcpy_t2.asm.obj (.text)
                  00000be0    0000007a                                   : memset_t2.asm.obj (.text)
                  00000c5a    00000068                                   : copy_decompress_lzss.c.obj (.text:decompress:lzss:__TI_decompress_lzss)
                  00000cc2    00000002     --HOLE-- [fill = 0]
                  00000cc4    00000044                                   : autoinit.c.obj (.text:__TI_auto_init_nobinit_nopinit:__TI_auto_init_nobinit_nopinit)
                  00000d08    00000038                                   : boot_cortex_m.c.obj (.text:_c_int00_noargs:_c_int00_noargs)
                  00000d40    00000012                                   : copy_zero_init.c.obj (.text:decompress:ZI:__TI_zero_init_nomemset:__TI_zero_init_nomemset)
                  00000d52    0000000e                                   : copy_decompress_none.c.obj (.text:decompress:none:__TI_decompress_none)
                  00000d60    0000000e     startup_msp432p401r_ccs.obj (.text)
                  00000d6e    00000004     rtsv7M4_T_le_v4SPD16_eabi.lib : pre_init.c.obj (.text:_system_pre_init)
                  00000d72    00000004                                   : exit.c.obj (.text:abort:abort)

.const     0    00000d76    0000005a     
                  00000d76    0000005a     main.obj (.const:font_table)

.cinit     0    00000dd0    00000030     
                  00000dd0    0000000c     (__TI_handler_table)
                  00000ddc    0000000b     (.cinit..data.load) [load image, compression = lzss]
                  00000de7    00000001     --HOLE-- [fill = 0]
                  00000de8    00000008     (.cinit..bss.load) [load image, compression = zero_init]
                  00000df0    00000010     (__TI_cinit_table)

.init_array 
*          0    00000000    00000000     UNINITIALIZED

.binit     0    00000000    00000000     

.bss       0    20000000    0000000d     UNINITIALIZED
                  20000000    00000008     (.common:Packet)
                  20000008    00000002     (.common:humid)
                  2000000a    00000002     (.common:tempc)
                  2000000c    00000001     (.common:timeout)

.data      0    20000010    0000000c     UNINITIALIZED
                  20000010    00000008     main.obj (.data)
                  20000018    00000004     system_msp432p401r.obj (.data)

.stack     0    2000fe00    00000200     UNINITIALIZED
                  2000fe00    00000004     rtsv7M4_T_le_v4SPD16_eabi.lib : boot_cortex_m.c.obj (.stack)
                  2000fe04    000001fc     --HOLE--

MODULE SUMMARY

       Module                        code   ro data   rw data
       ------                        ----   -------   -------
    .\
       main.obj                      1836   90        42     
       system_msp432p401r.obj        820    0         8      
       startup_msp432p401r_ccs.obj   14     228       0      
    +--+-----------------------------+------+---------+---------+
       Total:                        2670   318       50     
                                                             
    C:\ti\ccsv8\tools\compiler\ti-cgt-arm_18.1.5.LTS\lib\rtsv7M4_T_le_v4SPD16_eabi.lib
       memcpy_t2.asm.obj             156    0         0      
       memset_t2.asm.obj             122    0         0      
       copy_decompress_lzss.c.obj    104    0         0      
       autoinit.c.obj                68     0         0      
       boot_cortex_m.c.obj           56     0         0      
       copy_zero_init.c.obj          18     0         0      
       copy_decompress_none.c.obj    14     0         0      
       exit.c.obj                    4      0         0      
       pre_init.c.obj                4      0         0      
    +--+-----------------------------+------+---------+---------+
       Total:                        546    0         0      
                                                             
       Stack:                        0      0         1024   
       Linker Generated:             0      47        0      
    +--+-----------------------------+------+---------+---------+
       Grand Total:                  3216   365       1074   


LINKER GENERATED COPY TABLES

__TI_cinit_table @ 00000df0 records: 2, size/record: 8, table size: 16
	.data: load addr=00000ddc, load size=0000000b bytes, run addr=20000010, run size=0000000c bytes, compression=lzss
	.bss: load addr=00000de8, load size=00000008 bytes, run addr=20000000, run size=0000000d bytes, compression=zero_init


LINKER GENERATED HANDLER TABLE

__TI_handler_table @ 00000dd0 records: 3, size/record: 4, table size: 12
	index: 0, handler: __TI_decompress_lzss
	index: 1, handler: __TI_decompress_none
	index: 2, handler: __TI_zero_init


GLOBAL SYMBOLS: SORTED ALPHABETICALLY BY Name 

address   name                          
-------   ----                          
00000d6d  ADC14_IRQHandler              
000001c9  ADC_init                      
00000d6d  AES256_IRQHandler             
00000d6d  BusFault_Handler              
00000d73  C$$EXIT                       
00000d6d  COMP_E0_IRQHandler            
00000d6d  COMP_E1_IRQHandler            
00000d6d  CS_IRQHandler                 
00000d6d  DMA_ERR_IRQHandler            
00000d6d  DMA_INT0_IRQHandler           
00000d6d  DMA_INT1_IRQHandler           
00000d6d  DMA_INT2_IRQHandler           
00000d6d  DMA_INT3_IRQHandler           
00000d6d  DebugMon_Handler              
00000d6d  Default_Handler               
00000d6d  EUSCIA0_IRQHandler            
00000d6d  EUSCIA1_IRQHandler            
00000d6d  EUSCIA2_IRQHandler            
00000d6d  EUSCIA3_IRQHandler            
00000d6d  EUSCIB0_IRQHandler            
00000d6d  EUSCIB1_IRQHandler            
00000d6d  EUSCIB2_IRQHandler            
00000d6d  EUSCIB3_IRQHandler            
00000d6d  FLCTL_IRQHandler              
00000d6d  FPU_IRQHandler                
000006a5  GLCD_clear                    
00000721  GLCD_command_write            
00000707  GLCD_data_write               
000006d1  GLCD_init                     
0000064f  GLCD_putchar                  
0000067f  GLCD_setCursor                
00000d6d  HardFault_Handler             
00000d6d  MemManage_Handler             
00000d6d  NMI_Handler                   
00000d6d  PCM_IRQHandler                
00000d6d  PORT1_IRQHandler              
00000d6d  PORT2_IRQHandler              
00000d6d  PORT3_IRQHandler              
00000d6d  PORT4_IRQHandler              
00000d6d  PORT5_IRQHandler              
00000d6d  PORT6_IRQHandler              
00000d6d  PSS_IRQHandler                
20000000  Packet                        
00000d6d  PendSV_Handler                
00000d6d  RTC_C_IRQHandler              
00000d61  Reset_Handler                 
00000741  SPI_init                      
000007a5  SPI_write                     
00000d6d  SVC_Handler                   
00000d6d  SysTick_Handler               
20000018  SystemCoreClock               
00000811  SystemCoreClockUpdate         
00000a89  SystemInit                    
00000d6d  T32_INT1_IRQHandler           
00000d6d  T32_INT2_IRQHandler           
00000d6d  T32_INTC_IRQHandler           
000000e5  TA0_0_IRQHandler              
000000e5  TA0_0_IRQHandler              
00000d6d  TA0_N_IRQHandler              
000000f9  TA1_0_IRQHandler              
000000f9  TA1_0_IRQHandler              
00000d6d  TA1_N_IRQHandler              
00000d6d  TA2_0_IRQHandler              
00000d6d  TA2_N_IRQHandler              
00000d6d  TA3_0_IRQHandler              
00000d6d  TA3_N_IRQHandler              
00000d6d  UsageFault_Handler            
4000480c  WDTCTL_SYM                    
00000d6d  WDT_A_IRQHandler              
20010000  __STACK_END                   
00000200  __STACK_SIZE                  
00000df0  __TI_CINIT_Base               
00000e00  __TI_CINIT_Limit              
00000dd0  __TI_Handler_Table_Base       
00000ddc  __TI_Handler_Table_Limit      
00000cc5  __TI_auto_init_nobinit_nopinit
00000c5b  __TI_decompress_lzss          
00000d53  __TI_decompress_none          
ffffffff  __TI_pprof_out_hndl           
ffffffff  __TI_prof_data_size           
ffffffff  __TI_prof_data_start          
00000000  __TI_static_base__            
00000d41  __TI_zero_init_nomemset       
00000be1  __aeabi_memclr                
00000be1  __aeabi_memclr4               
00000be1  __aeabi_memclr8               
00000b45  __aeabi_memcpy                
00000b45  __aeabi_memcpy4               
00000b45  __aeabi_memcpy8               
00000be3  __aeabi_memset                
00000be3  __aeabi_memset4               
00000be3  __aeabi_memset8               
ffffffff  __binit__                     
ffffffff  __c_args__                    
UNDEFED   __mpu_init                    
2000fe00  __stack                       
00000d09  _c_int00_noargs               
UNDEFED   _system_post_cinit            
00000d6f  _system_pre_init              
00000d73  abort                         
ffffffff  binit                         
0000059b  check_Checksum                
00000469  check_Response                
00000229  displayHT                     
00000d76  font_table                    
20000008  humid                         
00000603  initTime1                     
00000631  initTime2                     
00000000  interruptVectors              
0000010b  main                          
00000b45  memcpy                        
00000be9  memset                        
20000014  pass                          
00000505  read_Byte                     
000005c5  read_Packet                   
000003f5  start_signal                  
20000010  t2                            
2000000a  tempc                         
2000000c  timeout                       


GLOBAL SYMBOLS: SORTED BY Symbol Address 

address   name                          
-------   ----                          
00000000  __TI_static_base__            
00000000  interruptVectors              
000000e5  TA0_0_IRQHandler              
000000e5  TA0_0_IRQHandler              
000000f9  TA1_0_IRQHandler              
000000f9  TA1_0_IRQHandler              
0000010b  main                          
000001c9  ADC_init                      
00000200  __STACK_SIZE                  
00000229  displayHT                     
000003f5  start_signal                  
00000469  check_Response                
00000505  read_Byte                     
0000059b  check_Checksum                
000005c5  read_Packet                   
00000603  initTime1                     
00000631  initTime2                     
0000064f  GLCD_putchar                  
0000067f  GLCD_setCursor                
000006a5  GLCD_clear                    
000006d1  GLCD_init                     
00000707  GLCD_data_write               
00000721  GLCD_command_write            
00000741  SPI_init                      
000007a5  SPI_write                     
00000811  SystemCoreClockUpdate         
00000a89  SystemInit                    
00000b45  __aeabi_memcpy                
00000b45  __aeabi_memcpy4               
00000b45  __aeabi_memcpy8               
00000b45  memcpy                        
00000be1  __aeabi_memclr                
00000be1  __aeabi_memclr4               
00000be1  __aeabi_memclr8               
00000be3  __aeabi_memset                
00000be3  __aeabi_memset4               
00000be3  __aeabi_memset8               
00000be9  memset                        
00000c5b  __TI_decompress_lzss          
00000cc5  __TI_auto_init_nobinit_nopinit
00000d09  _c_int00_noargs               
00000d41  __TI_zero_init_nomemset       
00000d53  __TI_decompress_none          
00000d61  Reset_Handler                 
00000d6d  ADC14_IRQHandler              
00000d6d  AES256_IRQHandler             
00000d6d  BusFault_Handler              
00000d6d  COMP_E0_IRQHandler            
00000d6d  COMP_E1_IRQHandler            
00000d6d  CS_IRQHandler                 
00000d6d  DMA_ERR_IRQHandler            
00000d6d  DMA_INT0_IRQHandler           
00000d6d  DMA_INT1_IRQHandler           
00000d6d  DMA_INT2_IRQHandler           
00000d6d  DMA_INT3_IRQHandler           
00000d6d  DebugMon_Handler              
00000d6d  Default_Handler               
00000d6d  EUSCIA0_IRQHandler            
00000d6d  EUSCIA1_IRQHandler            
00000d6d  EUSCIA2_IRQHandler            
00000d6d  EUSCIA3_IRQHandler            
00000d6d  EUSCIB0_IRQHandler            
00000d6d  EUSCIB1_IRQHandler            
00000d6d  EUSCIB2_IRQHandler            
00000d6d  EUSCIB3_IRQHandler            
00000d6d  FLCTL_IRQHandler              
00000d6d  FPU_IRQHandler                
00000d6d  HardFault_Handler             
00000d6d  MemManage_Handler             
00000d6d  NMI_Handler                   
00000d6d  PCM_IRQHandler                
00000d6d  PORT1_IRQHandler              
00000d6d  PORT2_IRQHandler              
00000d6d  PORT3_IRQHandler              
00000d6d  PORT4_IRQHandler              
00000d6d  PORT5_IRQHandler              
00000d6d  PORT6_IRQHandler              
00000d6d  PSS_IRQHandler                
00000d6d  PendSV_Handler                
00000d6d  RTC_C_IRQHandler              
00000d6d  SVC_Handler                   
00000d6d  SysTick_Handler               
00000d6d  T32_INT1_IRQHandler           
00000d6d  T32_INT2_IRQHandler           
00000d6d  T32_INTC_IRQHandler           
00000d6d  TA0_N_IRQHandler              
00000d6d  TA1_N_IRQHandler              
00000d6d  TA2_0_IRQHandler              
00000d6d  TA2_N_IRQHandler              
00000d6d  TA3_0_IRQHandler              
00000d6d  TA3_N_IRQHandler              
00000d6d  UsageFault_Handler            
00000d6d  WDT_A_IRQHandler              
00000d6f  _system_pre_init              
00000d73  C$$EXIT                       
00000d73  abort                         
00000d76  font_table                    
00000dd0  __TI_Handler_Table_Base       
00000ddc  __TI_Handler_Table_Limit      
00000df0  __TI_CINIT_Base               
00000e00  __TI_CINIT_Limit              
20000000  Packet                        
20000008  humid                         
2000000a  tempc                         
2000000c  timeout                       
20000010  t2                            
20000014  pass                          
20000018  SystemCoreClock               
2000fe00  __stack                       
20010000  __STACK_END                   
4000480c  WDTCTL_SYM                    
ffffffff  __TI_pprof_out_hndl           
ffffffff  __TI_prof_data_size           
ffffffff  __TI_prof_data_start          
ffffffff  __binit__                     
ffffffff  __c_args__                    
ffffffff  binit                         
UNDEFED   __mpu_init                    
UNDEFED   _system_post_cinit            

[119 symbols]
