******************************************************************************
                  TI ARM Linker PC v18.1.5                     
******************************************************************************
>> Linked Sat Apr  6 11:20:27 2019

OUTPUT FILE NAME:   <fprotemp.out>
ENTRY POINT SYMBOL: "_c_int00_noargs"  address: 00000db1


MEMORY CONFIGURATION

         name            origin    length      used     unused   attr    fill
----------------------  --------  ---------  --------  --------  ----  --------
  MAIN                  00000000   00040000  00000ede  0003f122  R  X
  INFO                  00200000   00004000  00000000  00004000  R  X
  SRAM_CODE             01000000   00010000  0000021d  0000fde3  RW X
  SRAM_DATA             20000000   00010000  0000021d  0000fde3  RW  


SEGMENT ALLOCATION MAP

run origin  load origin   length   init length attrs members
----------  ----------- ---------- ----------- ----- -------
00000000    00000000    00000ee0   00000ee0    r-x
  00000000    00000000    000000e4   000000e4    r-- .intvecs
  000000e4    000000e4    00000d3a   00000d3a    r-x .text
  00000e1e    00000e1e    00000090   00000090    r-- .const
  00000eb0    00000eb0    00000030   00000030    r-- .cinit
20000000    20000000    0000001d   00000000    rw-
  20000000    20000000    00000010   00000000    rw- .data
  20000010    20000010    0000000d   00000000    rw- .bss
2000fe00    2000fe00    00000200   00000000    rw-
  2000fe00    2000fe00    00000200   00000000    rw- .stack


SECTION ALLOCATION MAP

 output                                  attributes/
section   page    origin      length       input sections
--------  ----  ----------  ----------   ----------------
.intvecs   0    00000000    000000e4     
                  00000000    000000e4     startup_msp432p401r_ccs.obj (.intvecs:retain)

.text      0    000000e4    00000d3a     
                  000000e4    000007d4     main.obj (.text)
                  000008b8    00000334     system_msp432p401r.obj (.text)
                  00000bec    0000009c     rtsv7M4_T_le_v4SPD16_eabi.lib : memcpy_t2.asm.obj (.text)
                  00000c88    0000007a                                   : memset_t2.asm.obj (.text)
                  00000d02    00000068                                   : copy_decompress_lzss.c.obj (.text:decompress:lzss:__TI_decompress_lzss)
                  00000d6a    00000002     --HOLE-- [fill = 0]
                  00000d6c    00000044                                   : autoinit.c.obj (.text:__TI_auto_init_nobinit_nopinit:__TI_auto_init_nobinit_nopinit)
                  00000db0    00000038                                   : boot_cortex_m.c.obj (.text:_c_int00_noargs:_c_int00_noargs)
                  00000de8    00000012                                   : copy_zero_init.c.obj (.text:decompress:ZI:__TI_zero_init_nomemset:__TI_zero_init_nomemset)
                  00000dfa    0000000e                                   : copy_decompress_none.c.obj (.text:decompress:none:__TI_decompress_none)
                  00000e08    0000000e     startup_msp432p401r_ccs.obj (.text)
                  00000e16    00000004     rtsv7M4_T_le_v4SPD16_eabi.lib : pre_init.c.obj (.text:_system_pre_init)
                  00000e1a    00000004                                   : exit.c.obj (.text:abort:abort)

.const     0    00000e1e    00000090     
                  00000e1e    00000090     main.obj (.const:font_table)

.cinit     0    00000eb0    00000030     
                  00000eb0    0000000c     (__TI_handler_table)
                  00000ebc    0000000b     (.cinit..data.load) [load image, compression = lzss]
                  00000ec7    00000001     --HOLE-- [fill = 0]
                  00000ec8    00000008     (.cinit..bss.load) [load image, compression = zero_init]
                  00000ed0    00000010     (__TI_cinit_table)

.init_array 
*          0    00000000    00000000     UNINITIALIZED

.binit     0    00000000    00000000     

.data      0    20000000    00000010     UNINITIALIZED
                  20000000    0000000c     main.obj (.data)
                  2000000c    00000004     system_msp432p401r.obj (.data)

.bss       0    20000010    0000000d     UNINITIALIZED
                  20000010    00000008     (.common:Packet)
                  20000018    00000002     (.common:humid)
                  2000001a    00000002     (.common:tempc)
                  2000001c    00000001     (.common:timeout)

.stack     0    2000fe00    00000200     UNINITIALIZED
                  2000fe00    00000004     rtsv7M4_T_le_v4SPD16_eabi.lib : boot_cortex_m.c.obj (.stack)
                  2000fe04    000001fc     --HOLE--

MODULE SUMMARY

       Module                        code   ro data   rw data
       ------                        ----   -------   -------
    .\
       main.obj                      2004   144       50     
       system_msp432p401r.obj        820    0         8      
       startup_msp432p401r_ccs.obj   14     228       0      
    +--+-----------------------------+------+---------+---------+
       Total:                        2838   372       58     
                                                             
    C:\ti\ccsv8\tools\compiler\ti-cgt-arm_18.1.5.LTS\lib\rtsv7M4_T_le_v4SPD16_eabi.lib
       memcpy_t2.asm.obj             156    0         0      
       memset_t2.asm.obj             122    0         0      
       copy_decompress_lzss.c.obj    104    0         0      
       autoinit.c.obj                68     0         0      
       boot_cortex_m.c.obj           56     0         0      
       copy_zero_init.c.obj          18     0         0      
       copy_decompress_none.c.obj    14     0         0      
       exit.c.obj                    4      0         0      
       pre_init.c.obj                4      0         0      
    +--+-----------------------------+------+---------+---------+
       Total:                        546    0         0      
                                                             
       Stack:                        0      0         1024   
       Linker Generated:             0      47        0      
    +--+-----------------------------+------+---------+---------+
       Grand Total:                  3384   419       1082   


LINKER GENERATED COPY TABLES

__TI_cinit_table @ 00000ed0 records: 2, size/record: 8, table size: 16
	.data: load addr=00000ebc, load size=0000000b bytes, run addr=20000000, run size=00000010 bytes, compression=lzss
	.bss: load addr=00000ec8, load size=00000008 bytes, run addr=20000010, run size=0000000d bytes, compression=zero_init


LINKER GENERATED HANDLER TABLE

__TI_handler_table @ 00000eb0 records: 3, size/record: 4, table size: 12
	index: 0, handler: __TI_decompress_lzss
	index: 1, handler: __TI_decompress_none
	index: 2, handler: __TI_zero_init


GLOBAL SYMBOLS: SORTED ALPHABETICALLY BY Name 

address   name                          
-------   ----                          
00000e15  ADC14_IRQHandler              
00000223  ADC_init                      
00000e15  AES256_IRQHandler             
00000e15  BusFault_Handler              
00000e1b  C$$EXIT                       
00000e15  COMP_E0_IRQHandler            
00000e15  COMP_E1_IRQHandler            
00000e15  CS_IRQHandler                 
00000e15  DMA_ERR_IRQHandler            
00000e15  DMA_INT0_IRQHandler           
00000e15  DMA_INT1_IRQHandler           
00000e15  DMA_INT2_IRQHandler           
00000e15  DMA_INT3_IRQHandler           
00000e15  DebugMon_Handler              
00000e15  Default_Handler               
00000e15  EUSCIA0_IRQHandler            
00000e15  EUSCIA1_IRQHandler            
00000e15  EUSCIA2_IRQHandler            
00000e15  EUSCIA3_IRQHandler            
00000e15  EUSCIB0_IRQHandler            
00000e15  EUSCIB1_IRQHandler            
00000e15  EUSCIB2_IRQHandler            
00000e15  EUSCIB3_IRQHandler            
00000e15  FLCTL_IRQHandler              
00000e15  FPU_IRQHandler                
00000749  GLCD_clear                    
000007c5  GLCD_command_write            
000007ab  GLCD_data_write               
00000775  GLCD_init                     
000006f3  GLCD_putchar                  
00000723  GLCD_setCursor                
00000e15  HardFault_Handler             
00000e15  MemManage_Handler             
00000e15  NMI_Handler                   
00000e15  PCM_IRQHandler                
00000e15  PORT1_IRQHandler              
00000e15  PORT2_IRQHandler              
00000e15  PORT3_IRQHandler              
00000e15  PORT4_IRQHandler              
00000e15  PORT5_IRQHandler              
00000e15  PORT6_IRQHandler              
00000e15  PSS_IRQHandler                
20000010  Packet                        
00000e15  PendSV_Handler                
00000e15  RTC_C_IRQHandler              
00000e09  Reset_Handler                 
000007e9  SPI_init                      
0000083b  SPI_write                     
00000e15  SVC_Handler                   
00000e15  SysTick_Handler               
2000000c  SystemCoreClock               
000008b9  SystemCoreClockUpdate         
00000b31  SystemInit                    
00000e15  T32_INT1_IRQHandler           
00000e15  T32_INT2_IRQHandler           
00000e15  T32_INTC_IRQHandler           
000000e5  TA0_0_IRQHandler              
000000e5  TA0_0_IRQHandler              
00000e15  TA0_N_IRQHandler              
000000f9  TA1_0_IRQHandler              
000000f9  TA1_0_IRQHandler              
00000e15  TA1_N_IRQHandler              
00000e15  TA2_0_IRQHandler              
00000e15  TA2_N_IRQHandler              
00000e15  TA3_0_IRQHandler              
00000e15  TA3_N_IRQHandler              
00000e15  UsageFault_Handler            
4000480c  WDTCTL_SYM                    
00000e15  WDT_A_IRQHandler              
20010000  __STACK_END                   
00000200  __STACK_SIZE                  
00000ed0  __TI_CINIT_Base               
00000ee0  __TI_CINIT_Limit              
00000eb0  __TI_Handler_Table_Base       
00000ebc  __TI_Handler_Table_Limit      
00000d6d  __TI_auto_init_nobinit_nopinit
00000d03  __TI_decompress_lzss          
00000dfb  __TI_decompress_none          
ffffffff  __TI_pprof_out_hndl           
ffffffff  __TI_prof_data_size           
ffffffff  __TI_prof_data_start          
00000000  __TI_static_base__            
00000de9  __TI_zero_init_nomemset       
00000c89  __aeabi_memclr                
00000c89  __aeabi_memclr4               
00000c89  __aeabi_memclr8               
00000bed  __aeabi_memcpy                
00000bed  __aeabi_memcpy4               
00000bed  __aeabi_memcpy8               
00000c8b  __aeabi_memset                
00000c8b  __aeabi_memset4               
00000c8b  __aeabi_memset8               
ffffffff  __binit__                     
ffffffff  __c_args__                    
UNDEFED   __mpu_init                    
2000fe00  __stack                       
00000db1  _c_int00_noargs               
UNDEFED   _system_post_cinit            
00000e17  _system_pre_init              
00000e1b  abort                         
ffffffff  binit                         
0000063f  check_Checksum                
0000052d  check_Response                
00000291  displayHT                     
00000e1e  font_table                    
20000018  humid                         
000006a7  initTime1                     
000006d5  initTime2                     
00000000  interruptVectors              
20000008  light                         
0000010b  main                          
00000bed  memcpy                        
00000c91  memset                        
20000004  pass                          
000005a9  read_Byte                     
00000669  read_Packet                   
000004d1  start_signal                  
20000000  t2                            
2000001a  tempc                         
2000001c  timeout                       


GLOBAL SYMBOLS: SORTED BY Symbol Address 

address   name                          
-------   ----                          
00000000  __TI_static_base__            
00000000  interruptVectors              
000000e5  TA0_0_IRQHandler              
000000e5  TA0_0_IRQHandler              
000000f9  TA1_0_IRQHandler              
000000f9  TA1_0_IRQHandler              
0000010b  main                          
00000200  __STACK_SIZE                  
00000223  ADC_init                      
00000291  displayHT                     
000004d1  start_signal                  
0000052d  check_Response                
000005a9  read_Byte                     
0000063f  check_Checksum                
00000669  read_Packet                   
000006a7  initTime1                     
000006d5  initTime2                     
000006f3  GLCD_putchar                  
00000723  GLCD_setCursor                
00000749  GLCD_clear                    
00000775  GLCD_init                     
000007ab  GLCD_data_write               
000007c5  GLCD_command_write            
000007e9  SPI_init                      
0000083b  SPI_write                     
000008b9  SystemCoreClockUpdate         
00000b31  SystemInit                    
00000bed  __aeabi_memcpy                
00000bed  __aeabi_memcpy4               
00000bed  __aeabi_memcpy8               
00000bed  memcpy                        
00000c89  __aeabi_memclr                
00000c89  __aeabi_memclr4               
00000c89  __aeabi_memclr8               
00000c8b  __aeabi_memset                
00000c8b  __aeabi_memset4               
00000c8b  __aeabi_memset8               
00000c91  memset                        
00000d03  __TI_decompress_lzss          
00000d6d  __TI_auto_init_nobinit_nopinit
00000db1  _c_int00_noargs               
00000de9  __TI_zero_init_nomemset       
00000dfb  __TI_decompress_none          
00000e09  Reset_Handler                 
00000e15  ADC14_IRQHandler              
00000e15  AES256_IRQHandler             
00000e15  BusFault_Handler              
00000e15  COMP_E0_IRQHandler            
00000e15  COMP_E1_IRQHandler            
00000e15  CS_IRQHandler                 
00000e15  DMA_ERR_IRQHandler            
00000e15  DMA_INT0_IRQHandler           
00000e15  DMA_INT1_IRQHandler           
00000e15  DMA_INT2_IRQHandler           
00000e15  DMA_INT3_IRQHandler           
00000e15  DebugMon_Handler              
00000e15  Default_Handler               
00000e15  EUSCIA0_IRQHandler            
00000e15  EUSCIA1_IRQHandler            
00000e15  EUSCIA2_IRQHandler            
00000e15  EUSCIA3_IRQHandler            
00000e15  EUSCIB0_IRQHandler            
00000e15  EUSCIB1_IRQHandler            
00000e15  EUSCIB2_IRQHandler            
00000e15  EUSCIB3_IRQHandler            
00000e15  FLCTL_IRQHandler              
00000e15  FPU_IRQHandler                
00000e15  HardFault_Handler             
00000e15  MemManage_Handler             
00000e15  NMI_Handler                   
00000e15  PCM_IRQHandler                
00000e15  PORT1_IRQHandler              
00000e15  PORT2_IRQHandler              
00000e15  PORT3_IRQHandler              
00000e15  PORT4_IRQHandler              
00000e15  PORT5_IRQHandler              
00000e15  PORT6_IRQHandler              
00000e15  PSS_IRQHandler                
00000e15  PendSV_Handler                
00000e15  RTC_C_IRQHandler              
00000e15  SVC_Handler                   
00000e15  SysTick_Handler               
00000e15  T32_INT1_IRQHandler           
00000e15  T32_INT2_IRQHandler           
00000e15  T32_INTC_IRQHandler           
00000e15  TA0_N_IRQHandler              
00000e15  TA1_N_IRQHandler              
00000e15  TA2_0_IRQHandler              
00000e15  TA2_N_IRQHandler              
00000e15  TA3_0_IRQHandler              
00000e15  TA3_N_IRQHandler              
00000e15  UsageFault_Handler            
00000e15  WDT_A_IRQHandler              
00000e17  _system_pre_init              
00000e1b  C$$EXIT                       
00000e1b  abort                         
00000e1e  font_table                    
00000eb0  __TI_Handler_Table_Base       
00000ebc  __TI_Handler_Table_Limit      
00000ed0  __TI_CINIT_Base               
00000ee0  __TI_CINIT_Limit              
20000000  t2                            
20000004  pass                          
20000008  light                         
2000000c  SystemCoreClock               
20000010  Packet                        
20000018  humid                         
2000001a  tempc                         
2000001c  timeout                       
2000fe00  __stack                       
20010000  __STACK_END                   
4000480c  WDTCTL_SYM                    
ffffffff  __TI_pprof_out_hndl           
ffffffff  __TI_prof_data_size           
ffffffff  __TI_prof_data_start          
ffffffff  __binit__                     
ffffffff  __c_args__                    
ffffffff  binit                         
UNDEFED   __mpu_init                    
UNDEFED   _system_post_cinit            

[120 symbols]
